Component: ARM Compiler 5.05 update 2 (build 169) Tool: armlink [4d0f33]

==============================================================================

Section Cross References

    main.o(i.INIT_ALL) refers to delay.o(i.delay_init) for delay_init
    main.o(i.INIT_ALL) refers to usart.o(i.uart_init) for uart_init
    main.o(i.INIT_ALL) refers to exfuns.o(i.exfuns_init) for exfuns_init
    main.o(i.INIT_ALL) refers to lcd.o(i.LCD_Init) for LCD_Init
    main.o(i.INIT_ALL) refers to led.o(i.LED_Init) for LED_Init
    main.o(i.INIT_ALL) refers to key.o(i.KEY_Init) for KEY_Init
    main.o(i.INIT_ALL) refers to malloc.o(i.mem_init) for mem_init
    main.o(i.INIT_ALL) refers to exti.o(i.EXTIX_Init) for EXTIX_Init
    main.o(i.INIT_ALL) refers to adc.o(i.Adc_Init) for Adc_Init
    main.o(i.SD) refers to _printf_pad.o(.text) for _printf_pre_padding
    main.o(i.SD) refers to _printf_percent.o(.ARM.Collect$$_printf_percent$$00000000) for _printf_percent
    main.o(i.SD) refers to _printf_d.o(.ARM.Collect$$_printf_percent$$00000009) for _printf_d
    main.o(i.SD) refers to _printf_dec.o(.text) for _printf_int_dec
    main.o(i.SD) refers to _printf_f.o(.ARM.Collect$$_printf_percent$$00000003) for _printf_f
    main.o(i.SD) refers to _printf_c.o(.ARM.Collect$$_printf_percent$$00000013) for _printf_c
    main.o(i.SD) refers to printf1.o(x$fpl$printf1) for _printf_fp_dec
    main.o(i.SD) refers to _printf_str.o(.text) for _printf_str
    main.o(i.SD) refers to ff.o(i.f_open) for f_open
    main.o(i.SD) refers to ff.o(i.f_lseek) for f_lseek
    main.o(i.SD) refers to ff.o(i.f_printf) for f_printf
    main.o(i.SD) refers to __2sprintf.o(.text) for __2sprintf
    main.o(i.SD) refers to ff.o(i.f_write) for f_write
    main.o(i.SD) refers to dflt_clz.o(x$fpl$dfltu) for __aeabi_ui2d
    main.o(i.SD) refers to ddiv.o(x$fpl$ddiv) for __aeabi_ddiv
    main.o(i.SD) refers to dmul.o(x$fpl$dmul) for __aeabi_dmul
    main.o(i.SD) refers to ff.o(i.f_close) for f_close
    main.o(i.SD) refers to lcd.o(i.LCD_ShowString) for LCD_ShowString
    main.o(i.SD) refers to lcd.o(i.LCD_ShowNum) for LCD_ShowNum
    main.o(i.SD) refers to delay.o(i.delay_ms) for delay_ms
    main.o(i.SD) refers to exfuns.o(.data) for file
    main.o(i.SD) refers to main.o(.data) for .data
    main.o(i.SD) refers to main.o(.bss) for .bss
    main.o(i.SD) refers to exfuns.o(.data) for br
    main.o(i.SendEnd) refers to _printf_pad.o(.text) for _printf_pre_padding
    main.o(i.SendEnd) refers to _printf_percent.o(.ARM.Collect$$_printf_percent$$00000000) for _printf_percent
    main.o(i.SendEnd) refers to _printf_d.o(.ARM.Collect$$_printf_percent$$00000009) for _printf_d
    main.o(i.SendEnd) refers to _printf_dec.o(.text) for _printf_int_dec
    main.o(i.SendEnd) refers to _printf_f.o(.ARM.Collect$$_printf_percent$$00000003) for _printf_f
    main.o(i.SendEnd) refers to printf1.o(x$fpl$printf1) for _printf_fp_dec
    main.o(i.SendEnd) refers to delay.o(i.delay_ms) for delay_ms
    main.o(i.SendEnd) refers to __2printf.o(.text) for __2printf
    main.o(i.SendEnd) refers to sim808.o(i.sim808_send_cmd) for sim808_send_cmd
    main.o(i.SendEnd) refers to dflt_clz.o(x$fpl$dfltu) for __aeabi_ui2d
    main.o(i.SendEnd) refers to ddiv.o(x$fpl$ddiv) for __aeabi_ddiv
    main.o(i.SendEnd) refers to lcd.o(i.LCD_ShowString) for LCD_ShowString
    main.o(i.SendEnd) refers to main.o(.data) for .data
    main.o(i.SendEnd) refers to main.o(.bss) for .bss
    main.o(i.main) refers to _printf_pad.o(.text) for _printf_pre_padding
    main.o(i.main) refers to _printf_percent.o(.ARM.Collect$$_printf_percent$$00000000) for _printf_percent
    main.o(i.main) refers to _printf_d.o(.ARM.Collect$$_printf_percent$$00000009) for _printf_d
    main.o(i.main) refers to _printf_dec.o(.text) for _printf_int_dec
    main.o(i.main) refers to _printf_f.o(.ARM.Collect$$_printf_percent$$00000003) for _printf_f
    main.o(i.main) refers to printf1.o(x$fpl$printf1) for _printf_fp_dec
    main.o(i.main) refers to main.o(i.INIT_ALL) for INIT_ALL
    main.o(i.main) refers to misc.o(i.NVIC_PriorityGroupConfig) for NVIC_PriorityGroupConfig
    main.o(i.main) refers to delay.o(i.delay_ms) for delay_ms
    main.o(i.main) refers to mmc_sd.o(i.SD_Initialize) for SD_Initialize
    main.o(i.main) refers to ff.o(i.f_mount) for f_mount
    main.o(i.main) refers to usart2.o(i.USART2_Init) for USART2_Init
    main.o(i.main) refers to gps.o(i.Ublox_Cfg_Rate) for Ublox_Cfg_Rate
    main.o(i.main) refers to lcd.o(i.LCD_ShowString) for LCD_ShowString
    main.o(i.main) refers to gps.o(i.Ublox_Cfg_Prt) for Ublox_Cfg_Prt
    main.o(i.main) refers to gps.o(i.Ublox_Cfg_Tp) for Ublox_Cfg_Tp
    main.o(i.main) refers to gps.o(i.Ublox_Cfg_Cfg_Save) for Ublox_Cfg_Cfg_Save
    main.o(i.main) refers to lcd.o(i.LCD_Fill) for LCD_Fill
    main.o(i.main) refers to ff.o(i.f_open) for f_open
    main.o(i.main) refers to ff.o(i.f_close) for f_close
    main.o(i.main) refers to sim808.o(i.sim808_send_cmd) for sim808_send_cmd
[...]
    x$fpl$usenofp                            0x0800ab52   Section        0  usenofp.o(x$fpl$usenofp)
    .constdata                               0x0800c312   Section       58  ff.o(.constdata)
    LfnOfs                                   0x0800c312   Data          13  ff.o(.constdata)
    vst                                      0x0800c320   Data          22  ff.o(.constdata)
    cst                                      0x0800c336   Data          22  ff.o(.constdata)
    .constdata                               0x0800c34c   Section    175304  cc936.o(.constdata)
    uni2oem                                  0x0800c34c   Data       87172  cc936.o(.constdata)
    oem2uni                                  0x080217d0   Data       87172  cc936.o(.constdata)
    tbl_lower                                0x08036c54   Data         480  cc936.o(.constdata)
    tbl_upper                                0x08036e34   Data         480  cc936.o(.constdata)
    .constdata                               0x08037014   Section       40  _printf_hex_int_ll_ptr.o(.constdata)
    uc_hextab                                0x08037014   Data          20  _printf_hex_int_ll_ptr.o(.constdata)
    lc_hextab                                0x08037028   Data          20  _printf_hex_int_ll_ptr.o(.constdata)
    .constdata                               0x0803703c   Section       17  __printf_flags_ss_wp.o(.constdata)
    maptable                                 0x0803703c   Data          17  __printf_flags_ss_wp.o(.constdata)
    .constdata                               0x08037050   Section      148  bigflt0.o(.constdata)
    tenpwrs_x                                0x08037050   Data          60  bigflt0.o(.constdata)
    tenpwrs_i                                0x0803708c   Data          64  bigflt0.o(.constdata)
    .conststring                             0x080370e4   Section       42  main.o(.conststring)
    .conststring                             0x08037110   Section      100  exfuns.o(.conststring)
    locale$$data                             0x08037194   Section       28  lc_numeric_c.o(locale$$data)
    __lcnum_c_name                           0x08037198   Data           2  lc_numeric_c.o(locale$$data)
    __lcnum_c_start                          0x080371a0   Data           0  lc_numeric_c.o(locale$$data)
    __lcnum_c_point                          0x080371ac   Data           0  lc_numeric_c.o(locale$$data)
    __lcnum_c_thousands                      0x080371ae   Data           0  lc_numeric_c.o(locale$$data)
    __lcnum_c_grouping                       0x080371af   Data           0  lc_numeric_c.o(locale$$data)
    __lcnum_c_end                            0x080371b0   Data           0  lc_numeric_c.o(locale$$data)
    .data                                    0x20000000   Section       16  main.o(.data)
    .data                                    0x20000010   Section       20  system_stm32f10x.o(.data)
    .data                                    0x20000024   Section        4  lcd.o(.data)
    .data                                    0x20000028   Section        1  key.o(.data)
    key_up                                   0x20000028   Data           1  key.o(.data)
    .data                                    0x20000029   Section        1  mmc_sd.o(.data)
    .data                                    0x2000002a   Section        2  flash.o(.data)
    .data                                    0x2000002c   Section        2  usart2.o(.data)
    .data                                    0x2000002e   Section        4  delay.o(.data)
    fac_us                                   0x2000002e   Data           1  delay.o(.data)
    fac_ms                                   0x20000030   Data           2  delay.o(.data)
    .data                                    0x20000032   Section        2  usart.o(.data)
    .data                                    0x20000034   Section        4  usart.o(.data)
    .data                                    0x20000038   Section       20  stm32f10x_rcc.o(.data)
    ADCPrescTable                            0x20000038   Data           4  stm32f10x_rcc.o(.data)
    APBAHBPrescTable                         0x2000003c   Data          16  stm32f10x_rcc.o(.data)
    .data                                    0x2000004c   Section       20  malloc.o(.data)
    .data                                    0x20000060   Section      332  exfuns.o(.data)
    .data                                    0x200001ac   Section        4  exfuns.o(.data)
    .data                                    0x200001b0   Section        2  diskio.o(.data)
    .data                                    0x200001b4   Section       12  ff.o(.data)
    Fsid                                     0x200001b4   Data           2  ff.o(.data)
    FatFs                                    0x200001b8   Data           8  ff.o(.data)
    .bss                                     0x200001c0   Section      455  main.o(.bss)
    .bss                                     0x20000388   Section       14  lcd.o(.bss)
    .bss                                     0x20000396   Section       18  spi.o(.bss)
    .bss                                     0x200003a8   Section     4096  flash.o(.bss)
    .bss                                     0x200013a8   Section      400  usart2.o(.bss)
    .bss                                     0x20001538   Section      200  usart.o(.bss)
    .bss                                     0x20001600   Section    35840  malloc.o(.bss)
    .bss                                     0x2000a200   Section     2240  malloc.o(.bss)
    .bss                                     0x2000aac0   Section       96  libspace.o(.bss)
    HEAP                                     0x2000ab20   Section      512  startup_stm32f10x_hd.o(HEAP)
    Heap_Mem                                 0x2000ab20   Data         512  startup_stm32f10x_hd.o(HEAP)
    STACK                                    0x2000ad20   Section     1024  startup_stm32f10x_hd.o(STACK)
    Stack_Mem                                0x2000ad20   Data        1024  startup_stm32f10x_hd.o(STACK)
    __initial_sp                             0x2000b120   Data           0  startup_stm32f10x_hd.o(STACK)

    Global Symbols

    Symbol Name                              Value     Ov Type        Size  Object(Section)

    BuildAttributes$$THM_ISAv4$P$D$K$B$S$PE$A:L22UL41UL21$X:L11$S22US41US21$IEEE1$IW$USESV6$~STKCKD$USESV7$~SHL$OTIME$ROPI$IEEEJ$EBA8$UX$STANDARDLIB$REQ8$PRES8$EABIv2 0x00000000   Number         0  anon$$obj.o ABSOLUTE
    __ARM_use_no_argv                        0x00000000   Number         0  main.o ABSOLUTE
    _printf_flags                            0x00000000   Number         0  printf_stubs.o ABSOLUTE
    _printf_return_value                     0x00000000   Number         0  printf_stubs.o ABSOLUTE
    _printf_sizespec                         0x00000000   Number         0  printf_stubs.o ABSOLUTE
    _printf_widthprec                        0x00000000   Number         0  printf_stubs.o ABSOLUTE
    __ARM_exceptions_init                     - Undefined Weak Reference
    __alloca_initialize                       - Undefined Weak Reference
    __arm_preinit_                            - Undefined Weak Reference
    __cpp_initialize__aeabi_                  - Undefined Weak Reference
    __cxa_finalize                            - Undefined Weak Reference
    __sigvec_lookup                           - Undefined Weak Reference
    _atexit_init                              - Undefined Weak Reference
    _call_atexit_fns                          - Undefined Weak Reference
    _clock_init                               - Undefined Weak Reference
    _fp_trap_init                             - Undefined Weak Reference
    _fp_trap_shutdown                         - Undefined Weak Reference
    _get_lc_collate                           - Undefined Weak Reference
    _get_lc_monetary                          - Undefined Weak Reference
    _get_lc_time                              - Undefined Weak Reference
    _getenv_init                              - Undefined Weak Reference
    _handle_redirection                       - Undefined Weak Reference
    _init_alloc                               - Undefined Weak Reference
    _init_user_alloc                          - Undefined Weak Reference
    _initio                                   - Undefined Weak Reference
    _mutex_acquire                            - Undefined Weak Reference
    _mutex_release                            - Undefined Weak Reference
    _printf_fp_hex                            - Undefined Weak Reference
    _printf_mbtowc                            - Undefined Weak Reference
    _printf_wc                                - Undefined Weak Reference
    _rand_init                                - Undefined Weak Reference
    _signal_finish                            - Undefined Weak Reference
    _signal_init                              - Undefined Weak Reference
    _terminate_alloc                          - Undefined Weak Reference
    _terminate_user_alloc                     - Undefined Weak Reference
    _terminateio                              - Undefined Weak Reference
    __Vectors_Size                           0x00000130   Number         0  startup_stm32f10x_hd.o ABSOLUTE
    __Vectors                                0x08000000   Data           4  startup_stm32f10x_hd.o(RESET)
    __Vectors_End                            0x08000130   Data           0  startup_stm32f10x_hd.o(RESET)
    __main                                   0x08000131   Thumb Code     8  __main.o(!!!main)
    __scatterload                            0x08000139   Thumb Code     0  __scatter.o(!!!scatter)
    __scatterload_rt2                        0x08000139   Thumb Code    44  __scatter.o(!!!scatter)
    __scatterload_rt2_thumb_only             0x08000139   Thumb Code     0  __scatter.o(!!!scatter)
    __scatterload_null                       0x08000147   Thumb Code     0  __scatter.o(!!!scatter)
    __decompress                             0x0800016d   Thumb Code    90  __dczerorl2.o(!!dczerorl2)
    __decompress1                            0x0800016d   Thumb Code     0  __dczerorl2.o(!!dczerorl2)
    __scatterload_zeroinit                   0x080001c9   Thumb Code    28  __scatter_zi.o(!!handler_zi)
    _printf_f                                0x080001e5   Thumb Code     0  _printf_f.o(.ARM.Collect$$_printf_percent$$00000003)
    _printf_percent                          0x080001e5   Thumb Code     0  _printf_percent.o(.ARM.Collect$$_printf_percent$$00000000)
    _printf_d                                0x080001eb   Thumb Code     0  _printf_d.o(.ARM.Collect$$_printf_percent$$00000009)
    _printf_x                                0x080001f1   Thumb Code     0  _printf_x.o(.ARM.Collect$$_printf_percent$$0000000C)
    _printf_c                                0x080001f7   Thumb Code     0  _printf_c.o(.ARM.Collect$$_printf_percent$$00000013)
    _printf_s                                0x080001fd   Thumb Code     0  _printf_s.o(.ARM.Collect$$_printf_percent$$00000014)
    _printf_percent_end                      0x08000203   Thumb Code     0  _printf_percent_end.o(.ARM.Collect$$_printf_percent$$00000017)
    __rt_lib_init                            0x08000207   Thumb Code     0  libinit.o(.ARM.Collect$$libinit$$00000000)
    __rt_lib_init_fp_1                       0x08000209   Thumb Code     0  libinit2.o(.ARM.Collect$$libinit$$00000002)
    __rt_lib_init_heap_1                     0x08000209   Thumb Code     0  libinit2.o(.ARM.Collect$$libinit$$0000000A)
    __rt_lib_init_lc_common                  0x08000209   Thumb Code     0  libinit2.o(.ARM.Collect$$libinit$$0000000F)
    __rt_lib_init_preinit_1                  0x08000209   Thumb Code     0  libinit2.o(.ARM.Collect$$libinit$$00000004)
    __rt_lib_init_rand_1                     0x08000209   Thumb Code     0  libinit2.o(.ARM.Collect$$libinit$$0000000E)
    __rt_lib_init_user_alloc_1               0x08000209   Thumb Code     0  libinit2.o(.ARM.Collect$$libinit$$0000000C)
    __rt_lib_init_lc_collate_1               0x0800020f   Thumb Code     0  libinit2.o(.ARM.Collect$$libinit$$00000011)
    __rt_lib_init_lc_ctype_1                 0x0800020f   Thumb Code     0  libinit2.o(.ARM.Collect$$libinit$$00000013)
    __rt_lib_init_lc_monetary_1              0x0800020f   Thumb Code     0  libinit2.o(.ARM.Collect$$libinit$$00000015)
    __rt_lib_init_lc_numeric_2               0x0800020f   Thumb Code     0  libinit2.o(.ARM.Collect$$libinit$$00000016)
    __rt_lib_init_alloca_1                   0x08000219   Thumb Code     0  libinit2.o(.ARM.Collect$$libinit$$0000002E)
    __rt_lib_init_argv_1                     0x08000219   Thumb Code     0  libinit2.o(.ARM.Collect$$libinit$$0000002C)
    __rt_lib_init_atexit_1                   0x08000219   Thumb Code     0  libinit2.o(.ARM.Collect$$libinit$$0000001B)
    __rt_lib_init_clock_1                    0x08000219   Thumb Code     0  libinit2.o(.ARM.Collect$$libinit$$00000021)
    __rt_lib_init_cpp_1                      0x08000219   Thumb Code     0  libinit2.o(.ARM.Collect$$libinit$$00000032)
    __rt_lib_init_exceptions_1               0x08000219   Thumb Code     0  libinit2.o(.ARM.Collect$$libinit$$00000030)
    __rt_lib_init_fp_trap_1                  0x08000219   Thumb Code     0  libinit2.o(.ARM.Collect$$libinit$$0000001F)
    __rt_lib_init_getenv_1                   0x08000219   Thumb Code     0  libinit2.o(.ARM.Collect$$libinit$$00000023)
    __rt_lib_init_lc_numeric_1               0x08000219   Thumb Code     0  libinit2.o(.ARM.Collect$$libinit$$00000017)
    __rt_lib_init_lc_time_1                  0x08000219   Thumb Code     0  libinit2.o(.ARM.Collect$$libinit$$00000019)
    __rt_lib_init_return                     0x08000219   Thumb Code     0  libinit2.o(.ARM.Collect$$libinit$$00000033)
    __rt_lib_init_signal_1                   0x08000219   Thumb Code     0  libinit2.o(.ARM.Collect$$libinit$$0000001D)
    __rt_lib_init_stdio_1                    0x08000219   Thumb Code     0  libinit2.o(.ARM.Collect$$libinit$$00000025)
    __rt_lib_shutdown                        0x0800021b   Thumb Code     0  libshutdown.o(.ARM.Collect$$libshutdown$$00000000)
    __rt_lib_shutdown_fp_trap_1              0x0800021d   Thumb Code     0  libshutdown2.o(.ARM.Collect$$libshutdown$$00000006)
    __rt_lib_shutdown_heap_1                 0x0800021d   Thumb Code     0  libshutdown2.o(.ARM.Collect$$libshutdown$$0000000E)
    __rt_lib_shutdown_return                 0x0800021d   Thumb Code     0  libshutdown2.o(.ARM.Collect$$libshutdown$$0000000F)
    __rt_lib_shutdown_signal_1               0x0800021d   Thumb Code     0  libshutdown2.o(.ARM.Collect$$libshutdown$$00000009)
    __rt_lib_shutdown_stdio_1                0x0800021d   Thumb Code     0  libshutdown2.o(.ARM.Collect$$libshutdown$$00000003)
    __rt_lib_shutdown_user_alloc_1           0x0800021d   Thumb Code     0  libshutdown2.o(.ARM.Collect$$libshutdown$$0000000B)
    __rt_entry                               0x0800021f   Thumb Code     0  __rtentry.o(.ARM.Collect$$rtentry$$00000000)
    __rt_entry_presh_1                       0x0800021f   Thumb Code     0  __rtentry2.o(.ARM.Collect$$rtentry$$00000002)
    __rt_entry_sh                            0x0800021f   Thumb Code     0  __rtentry4.o(.ARM.Collect$$rtentry$$00000004)
    __rt_entry_li                            0x08000225   Thumb Code     0  __rtentry2.o(.ARM.Collect$$rtentry$$0000000A)
    __rt_entry_postsh_1                      0x08000225   Thumb Code     0  __rtentry2.o(.ARM.Collect$$rtentry$$00000009)
    __rt_entry_main                          0x08000229   Thumb Code     0  __rtentry2.o(.ARM.Collect$$rtentry$$0000000D)
    __rt_entry_postli_1                      0x08000229   Thumb Code     0  __rtentry2.o(.ARM.Collect$$rtentry$$0000000C)
    __rt_exit                                0x08000231   Thumb Code     0  rtexit.o(.ARM.Collect$$rtexit$$00000000)
    __rt_exit_ls                             0x08000233   Thumb Code     0  rtexit2.o(.ARM.Collect$$rtexit$$00000003)
    __rt_exit_prels_1                        0x08000233   Thumb Code     0  rtexit2.o(.ARM.Collect$$rtexit$$00000002)
    __rt_exit_exit                           0x08000237   Thumb Code     0  rtexit2.o(.ARM.Collect$$rtexit$$00000004)
    Reset_Handler                            0x0800023d   Thumb Code     8  startup_stm32f10x_hd.o(.text)
    ADC1_2_IRQHandler                        0x08000257   Thumb Code     0  startup_stm32f10x_hd.o(.text)
    ADC3_IRQHandler                          0x08000257   Thumb Code     0  startup_stm32f10x_hd.o(.text)
    CAN1_RX1_IRQHandler                      0x08000257   Thumb Code     0  startup_stm32f10x_hd.o(.text)
    CAN1_SCE_IRQHandler                      0x08000257   Thumb Code     0  startup_stm32f10x_hd.o(.text)
    DMA1_Channel1_IRQHandler                 0x08000257   Thumb Code     0  startup_stm32f10x_hd.o(.text)
    DMA1_Channel2_IRQHandler                 0x08000257   Thumb Code     0  startup_stm32f10x_hd.o(.text)
    DMA1_Channel3_IRQHandler                 0x08000257   Thumb Code     0  startup_stm32f10x_hd.o(.text)
    DMA1_Channel4_IRQHandler                 0x08000257   Thumb Code     0  startup_stm32f10x_hd.o(.text)
    DMA1_Channel5_IRQHandler                 0x08000257   Thumb Code     0  startup_stm32f10x_hd.o(.text)
    DMA1_Channel6_IRQHandler                 0x08000257   Thumb Code     0  startup_stm32f10x_hd.o(.text)
    DMA1_Channel7_IRQHandler                 0x08000257   Thumb Code     0  startup_stm32f10x_hd.o(.text)
    DMA2_Channel1_IRQHandler                 0x08000257   Thumb Code     0  startup_stm32f10x_hd.o(.text)
    DMA2_Channel2_IRQHandler                 0x08000257   Thumb Code     0  startup_stm32f10x_hd.o(.text)
    DMA2_Channel3_IRQHandler                 0x08000257   Thumb Code     0  startup_stm32f10x_hd.o(.text)
    DMA2_Channel4_5_IRQHandler               0x08000257   Thumb Code     0  startup_stm32f10x_hd.o(.text)
    EXTI0_IRQHandler                         0x08000257   Thumb Code     0  startup_stm32f10x_hd.o(.text)
    EXTI1_IRQHandler                         0x08000257   Thumb Code     0  startup_stm32f10x_hd.o(.text)
    EXTI2_IRQHandler                         0x08000257   Thumb Code     0  startup_stm32f10x_hd.o(.text)
    EXTI3_IRQHandler                         0x08000257   Thumb Code     0  startup_stm32f10x_hd.o(.text)
    EXTI4_IRQHandler                         0x08000257   Thumb Code     0  startup_stm32f10x_hd.o(.text)
    EXTI9_5_IRQHandler                       0x08000257   Thumb Code     0  startup_stm32f10x_hd.o(.text)
    FLASH_IRQHandler                         0x08000257   Thumb Code     0  startup_stm32f10x_hd.o(.text)
    FSMC_IRQHandler                          0x08000257   Thumb Code     0  startup_stm32f10x_hd.o(.text)
    I2C1_ER_IRQHandler                       0x08000257   Thumb Code     0  startup_stm32f10x_hd.o(.text)
    I2C1_EV_IRQHandler                       0x08000257   Thumb Code     0  startup_stm32f10x_hd.o(.text)
    I2C2_ER_IRQHandler                       0x08000257   Thumb Code     0  startup_stm32f10x_hd.o(.text)
    I2C2_EV_IRQHandler                       0x08000257   Thumb Code     0  startup_stm32f10x_hd.o(.text)
    PVD_IRQHandler                           0x08000257   Thumb Code     0  startup_stm32f10x_hd.o(.text)
    RCC_IRQHandler                           0x08000257   Thumb Code     0  startup_stm32f10x_hd.o(.text)
    RTCAlarm_IRQHandler                      0x08000257   Thumb Code     0  startup_stm32f10x_hd.o(.text)
    RTC_IRQHandler                           0x08000257   Thumb Code     0  startup_stm32f10x_hd.o(.text)
    SDIO_IRQHandler                          0x08000257   Thumb Code     0  startup_stm32f10x_hd.o(.text)
    SPI1_IRQHandler                          0x08000257   Thumb Code     0  startup_stm32f10x_hd.o(.text)
    SPI2_IRQHandler                          0x08000257   Thumb Code     0  startup_stm32f10x_hd.o(.text)
    SPI3_IRQHandler                          0x08000257   Thumb Code     0  startup_stm32f10x_hd.o(.text)
    TAMPER_IRQHandler                        0x08000257   Thumb Code     0  startup_stm32f10x_hd.o(.text)
    TIM1_BRK_IRQHandler                      0x08000257   Thumb Code     0  startup_stm32f10x_hd.o(.text)
    TIM1_CC_IRQHandler                       0x08000257   Thumb Code     0  startup_stm32f10x_hd.o(.text)
    TIM1_TRG_COM_IRQHandler                  0x08000257   Thumb Code     0  startup_stm32f10x_hd.o(.text)
    TIM1_UP_IRQHandler                       0x08000257   Thumb Code     0  startup_stm32f10x_hd.o(.text)
    TIM2_IRQHandler                          0x08000257   Thumb Code     0  startup_stm32f10x_hd.o(.text)
    TIM3_IRQHandler                          0x08000257   Thumb Code     0  startup_stm32f10x_hd.o(.text)
    TIM5_IRQHandler                          0x08000257   Thumb Code     0  startup_stm32f10x_hd.o(.text)
    TIM6_IRQHandler                          0x08000257   Thumb Code     0  startup_stm32f10x_hd.o(.text)
    TIM7_IRQHandler                          0x08000257   Thumb Code     0  startup_stm32f10x_hd.o(.text)
    TIM8_BRK_IRQHandler                      0x08000257   Thumb Code     0  startup_stm32f10x_hd.o(.text)
    TIM8_CC_IRQHandler                       0x08000257   Thumb Code     0  startup_stm32f10x_hd.o(.text)
    TIM8_TRG_COM_IRQHandler                  0x08000257   Thumb Code     0  startup_stm32f10x_hd.o(.text)
    TIM8_UP_IRQHandler                       0x08000257   Thumb Code     0  startup_stm32f10x_hd.o(.text)
    UART4_IRQHandler                         0x08000257   Thumb Code     0  startup_stm32f10x_hd.o(.text)
    UART5_IRQHandler                         0x08000257   Thumb Code     0  startup_stm32f10x_hd.o(.text)
    USART3_IRQHandler                        0x08000257   Thumb Code     0  startup_stm32f10x_hd.o(.text)
    USBWakeUp_IRQHandler                     0x08000257   Thumb Code     0  startup_stm32f10x_hd.o(.text)
    USB_HP_CAN1_TX_IRQHandler                0x08000257   Thumb Code     0  startup_stm32f10x_hd.o(.text)
    USB_LP_CAN1_RX0_IRQHandler               0x08000257   Thumb Code     0  startup_stm32f10x_hd.o(.text)
    WWDG_IRQHandler                          0x08000257   Thumb Code     0  startup_stm32f10x_hd.o(.text)
    __user_initial_stackheap                 0x08000259   Thumb Code     0  startup_stm32f10x_hd.o(.text)
    __use_no_semihosting                     0x0800027d   Thumb Code     2  use_no_semi_2.o(.text)
    __2printf                                0x08000281   Thumb Code    20  __2printf.o(.text)
    __2sprintf                               0x08000299   Thumb Code    38  __2sprintf.o(.text)
    _printf_pre_padding                      0x080002c5   Thumb Code    44  _printf_pad.o(.text)
    _printf_post_padding                     0x080002f1   Thumb Code    34  _printf_pad.o(.text)
    _printf_str                              0x08000313   Thumb Code    82  _printf_str.o(.text)
    _printf_int_dec                          0x08000365   Thumb Code   104  _printf_dec.o(.text)
    _printf_longlong_hex                     0x080003dd   Thumb Code    86  _printf_hex_int_ll_ptr.o(.text)
    _printf_int_hex                          0x08000433   Thumb Code    28  _printf_hex_int_ll_ptr.o(.text)
    _printf_ll_hex                           0x0800044f   Thumb Code    12  _printf_hex_int_ll_ptr.o(.text)
    _printf_hex_ptr                          0x0800045b   Thumb Code    18  _printf_hex_int_ll_ptr.o(.text)
    __printf                                 0x08000471   Thumb Code   388  __printf_flags_ss_wp.o(.text)
    strstr                                   0x080005f9   Thumb Code    36  strstr.o(.text)
    strcmp                                   0x0800061d   Thumb Code   128  strcmpv7m.o(.text)
    __use_two_region_memory                  0x0800069d   Thumb Code     2  heapauxi.o(.text)
    __rt_heap_escrow$2region                 0x0800069f   Thumb Code     2  heapauxi.o(.text)
    __rt_heap_expand$2region                 0x080006a1   Thumb Code     2  heapauxi.o(.text)
    __I$use$semihosting                      0x080006a3   Thumb Code     0  use_no_semi.o(.text)
    __use_no_semihosting_swi                 0x080006a3   Thumb Code     2  use_no_semi.o(.text)
    _printf_int_common                       0x080006a5   Thumb Code   178  _printf_intcommon.o(.text)
    __lib_sel_fp_printf                      0x08000757   Thumb Code     2  _printf_fp_dec.o(.text)
    _printf_fp_dec_real                      0x08000905   Thumb Code   620  _printf_fp_dec.o(.text)
    _printf_char_common                      0x08000b7b   Thumb Code    32  _printf_char_common.o(.text)
    _sputc                                   0x08000ba1   Thumb Code    10  _sputc.o(.text)
    _printf_cs_common                        0x08000bab   Thumb Code    20  _printf_char.o(.text)
    _printf_char                             0x08000bbf   Thumb Code    16  _printf_char.o(.text)
    _printf_string                           0x08000bcf   Thumb Code     8  _printf_char.o(.text)
    _printf_char_file                        0x08000bd9   Thumb Code    32  _printf_char_file.o(.text)
    __rt_locale                              0x08000bfd   Thumb Code     8  rt_locale_intlibspace.o(.text)
    _ll_udiv10                               0x08000c05   Thumb Code   138  lludiv10.o(.text)
    _printf_fp_infnan                        0x08000c91   Thumb Code   112  _printf_fp_infnan.o(.text)
    _btod_etento                             0x08000d11   Thumb Code   216  bigflt0.o(.text)
    ferror                                   0x08000ded   Thumb Code     8  ferror.o(.text)
    __user_libspace                          0x08000df5   Thumb Code     8  libspace.o(.text)
    __user_perproc_libspace                  0x08000df5   Thumb Code     0  libspace.o(.text)
    __user_perthread_libspace                0x08000df5   Thumb Code     0  libspace.o(.text)
    __user_setup_stackheap                   0x08000dfd   Thumb Code    74  sys_stackheap_outer.o(.text)
    exit                                     0x08000e47   Thumb Code    12  exit.o(.text)
    _btod_d2e                                0x08000e53   Thumb Code    62  btod.o(CL$$btod_d2e)
    _d2e_denorm_low                          0x08000e91   Thumb Code    70  btod.o(CL$$btod_d2e_denorm_low)
    _d2e_norm_op1                            0x08000ed7   Thumb Code    96  btod.o(CL$$btod_d2e_norm_op1)
    __btod_div_common                        0x08000f37   Thumb Code   696  btod.o(CL$$btod_div_common)
    _e2e                                     0x0800126f   Thumb Code   198  btod.o(CL$$btod_e2e)
    _btod_ediv                               0x08001335   Thumb Code    40  btod.o(CL$$btod_ediv)
    _btod_emul                               0x0800135d   Thumb Code    40  btod.o(CL$$btod_emul)
    __btod_mult_common                       0x08001385   Thumb Code   580  btod.o(CL$$btod_mult_common)
    ADC_Cmd                                  0x080015c9   Thumb Code    20  stm32f10x_adc.o(i.ADC_Cmd)
    ADC_DeInit                               0x080015dd   Thumb Code    56  stm32f10x_adc.o(i.ADC_DeInit)
    ADC_GetCalibrationStatus                 0x08001621   Thumb Code    14  stm32f10x_adc.o(i.ADC_GetCalibrationStatus)
    ADC_GetResetCalibrationStatus            0x0800162f   Thumb Code    14  stm32f10x_adc.o(i.ADC_GetResetCalibrationStatus)
    ADC_Init                                 0x0800163d   Thumb Code    62  stm32f10x_adc.o(i.ADC_Init)
    ADC_ResetCalibration                     0x08001685   Thumb Code    10  stm32f10x_adc.o(i.ADC_ResetCalibration)
    ADC_SoftwareStartConvCmd                 0x0800168f   Thumb Code    20  stm32f10x_adc.o(i.ADC_SoftwareStartConvCmd)
    ADC_StartCalibration                     0x080016a3   Thumb Code    10  stm32f10x_adc.o(i.ADC_StartCalibration)
    Adc_Init                                 0x080016ad   Thumb Code   134  adc.o(i.Adc_Init)
    BusFault_Handler                         0x0800173d   Thumb Code     2  stm32f10x_it.o(i.BusFault_Handler)
    DMA_Cmd                                  0x0800173f   Thumb Code    22  stm32f10x_dma.o(i.DMA_Cmd)
    DMA_DeInit                               0x08001755   Thumb Code   218  stm32f10x_dma.o(i.DMA_DeInit)
    DMA_Init                                 0x08001839   Thumb Code    58  stm32f10x_dma.o(i.DMA_Init)
    DMA_SetCurrDataCounter                   0x08001873   Thumb Code     4  stm32f10x_dma.o(i.DMA_SetCurrDataCounter)
    DebugMon_Handler                         0x08001877   Thumb Code     2  stm32f10x_it.o(i.DebugMon_Handler)
    EXTI15_10_IRQHandler                     0x08001879   Thumb Code    90  exti.o(i.EXTI15_10_IRQHandler)
    EXTIX_Init                               0x080018d9   Thumb Code   132  exti.o(i.EXTIX_Init)
    EXTI_ClearITPendingBit                   0x0800195d   Thumb Code     6  stm32f10x_exti.o(i.EXTI_ClearITPendingBit)
    EXTI_Init                                0x08001969   Thumb Code   108  stm32f10x_exti.o(i.EXTI_Init)
    GPIO_EXTILineConfig                      0x080019d9   Thumb Code    34  stm32f10x_gpio.o(i.GPIO_EXTILineConfig)
    GPIO_Init                                0x08001a01   Thumb Code   156  stm32f10x_gpio.o(i.GPIO_Init)
    GPIO_PinRemapConfig                      0x08001a9d   Thumb Code    82  stm32f10x_gpio.o(i.GPIO_PinRemapConfig)
    GPIO_ReadInputDataBit                    0x08001af5   Thumb Code    14  stm32f10x_gpio.o(i.GPIO_ReadInputDataBit)
    GPIO_SetBits                             0x08001b03   Thumb Code     4  stm32f10x_gpio.o(i.GPIO_SetBits)
    GPS_Analysis                             0x08001b07   Thumb Code    46  gps.o(i.GPS_Analysis)
    HardFault_Handler                        0x08001b35   Thumb Code     2  stm32f10x_it.o(i.HardFault_Handler)
    INIT_ALL                                 0x08001b37   Thumb Code    46  main.o(i.INIT_ALL)
    KEY_Init                                 0x08001b65   Thumb Code    82  key.o(i.KEY_Init)
    KEY_Scan                                 0x08001bc1   Thumb Code   158  key.o(i.KEY_Scan)
    LCD_Clear                                0x08001c69   Thumb Code   120  lcd.o(i.LCD_Clear)
    LCD_Display_Dir                          0x08001ced   Thumb Code   304  lcd.o(i.LCD_Display_Dir)
    LCD_Fast_DrawPoint                       0x08001e21   Thumb Code   580  lcd.o(i.LCD_Fast_DrawPoint)
    LCD_Fill                                 0x08002071   Thumb Code   158  lcd.o(i.LCD_Fill)
    LCD_Init                                 0x0800211d   Thumb Code 14298  lcd.o(i.LCD_Init)
    LCD_Pow                                  0x08005901   Thumb Code    16  lcd.o(i.LCD_Pow)
    LCD_RD_DATA                              0x08005911   Thumb Code   100  lcd.o(i.LCD_RD_DATA)
    LCD_ReadReg                              0x08005981   Thumb Code    14  lcd.o(i.LCD_ReadReg)
    LCD_SSD_BackLightSet                     0x08005991   Thumb Code   142  lcd.o(i.LCD_SSD_BackLightSet)
    LCD_Scan_Dir                             0x08005a2d   Thumb Code   742  lcd.o(i.LCD_Scan_Dir)
    LCD_SetCursor                            0x08005d21   Thumb Code   838  lcd.o(i.LCD_SetCursor)
    LCD_ShowChar                             0x08006075   Thumb Code   182  lcd.o(i.LCD_ShowChar)
    LCD_ShowNum                              0x08006141   Thumb Code   118  lcd.o(i.LCD_ShowNum)
    LCD_ShowString                           0x080061b7   Thumb Code    84  lcd.o(i.LCD_ShowString)
    LCD_WR_DATAX                             0x0800620d   Thumb Code    26  lcd.o(i.LCD_WR_DATAX)
    LCD_WR_REG                               0x08006231   Thumb Code    26  lcd.o(i.LCD_WR_REG)
    LCD_WriteRAM_Prepare                     0x08006255   Thumb Code     8  lcd.o(i.LCD_WriteRAM_Prepare)
    LCD_WriteReg                             0x08006261   Thumb Code    34  lcd.o(i.LCD_WriteReg)
    LED_Init                                 0x0800628d   Thumb Code   104  led.o(i.LED_Init)
    MemManage_Handler                        0x08006301   Thumb Code     2  stm32f10x_it.o(i.MemManage_Handler)
    NMEA_Comma_Pos                           0x08006303   Thumb Code    42  gps.o(i.NMEA_Comma_Pos)
    NMEA_GPGGA_Analysis                      0x0800632d   Thumb Code    88  gps.o(i.NMEA_GPGGA_Analysis)
    NMEA_GPGSA_Analysis                      0x0800638d   Thumb Code   150  gps.o(i.NMEA_GPGSA_Analysis)
    NMEA_GPGSV_Analysis                      0x0800642d   Thumb Code   224  gps.o(i.NMEA_GPGSV_Analysis)
    NMEA_GPRMC_Analysis                      0x08006515   Thumb Code   476  gps.o(i.NMEA_GPRMC_Analysis)
    NMEA_GPVTG_Analysis                      0x080066fd   Thumb Code    68  gps.o(i.NMEA_GPVTG_Analysis)
    NMEA_Pow                                 0x08006749   Thumb Code    16  gps.o(i.NMEA_Pow)
    NMEA_Str2num                             0x08006759   Thumb Code   192  gps.o(i.NMEA_Str2num)
    NMI_Handler                              0x08006819   Thumb Code     2  stm32f10x_it.o(i.NMI_Handler)
    NVIC_Init                                0x0800681d   Thumb Code    94  misc.o(i.NVIC_Init)
    NVIC_PriorityGroupConfig                 0x08006881   Thumb Code    10  misc.o(i.NVIC_PriorityGroupConfig)
    PendSV_Handler                           0x08006895   Thumb Code     2  stm32f10x_it.o(i.PendSV_Handler)
    RCC_ADCCLKConfig                         0x08006899   Thumb Code    14  stm32f10x_rcc.o(i.RCC_ADCCLKConfig)
    RCC_AHBPeriphClockCmd                    0x080068ad   Thumb Code    18  stm32f10x_rcc.o(i.RCC_AHBPeriphClockCmd)
    RCC_APB1PeriphClockCmd                   0x080068c5   Thumb Code    18  stm32f10x_rcc.o(i.RCC_APB1PeriphClockCmd)
    RCC_APB1PeriphResetCmd                   0x080068dd   Thumb Code    18  stm32f10x_rcc.o(i.RCC_APB1PeriphResetCmd)
    RCC_APB2PeriphClockCmd                   0x080068f5   Thumb Code    18  stm32f10x_rcc.o(i.RCC_APB2PeriphClockCmd)
    RCC_APB2PeriphResetCmd                   0x0800690d   Thumb Code    18  stm32f10x_rcc.o(i.RCC_APB2PeriphResetCmd)
    RCC_GetClocksFreq                        0x08006925   Thumb Code   132  stm32f10x_rcc.o(i.RCC_GetClocksFreq)
    SD                                       0x080069b9   Thumb Code   354  main.o(i.SD)
    SD_DisSelect                             0x08006bbd   Thumb Code    14  mmc_sd.o(i.SD_DisSelect)
    SD_GetCSD                                0x08006bd1   Thumb Code    42  mmc_sd.o(i.SD_GetCSD)
    SD_GetResponse                           0x08006bfb   Thumb Code    40  mmc_sd.o(i.SD_GetResponse)
    SD_GetSectorCount                        0x08006c23   Thumb Code   110  mmc_sd.o(i.SD_GetSectorCount)
    SD_Initialize                            0x08006c91   Thumb Code   340  mmc_sd.o(i.SD_Initialize)
    SD_ReadDisk                              0x08006de9   Thumb Code   104  mmc_sd.o(i.SD_ReadDisk)
    SD_RecvData                              0x08006e55   Thumb Code    50  mmc_sd.o(i.SD_RecvData)
    SD_SPI_Init                              0x08006e89   Thumb Code    60  mmc_sd.o(i.SD_SPI_Init)
    SD_SPI_ReadWriteByte                     0x08006ecd   Thumb Code     4  mmc_sd.o(i.SD_SPI_ReadWriteByte)
    SD_SPI_SpeedHigh                         0x08006ed1   Thumb Code     6  mmc_sd.o(i.SD_SPI_SpeedHigh)
    SD_SPI_SpeedLow                          0x08006ed7   Thumb Code     6  mmc_sd.o(i.SD_SPI_SpeedLow)
    SD_Select                                0x08006edd   Thumb Code    26  mmc_sd.o(i.SD_Select)
    SD_SendBlock                             0x08006efd   Thumb Code    80  mmc_sd.o(i.SD_SendBlock)
    SD_SendCmd                               0x08006f4d   Thumb Code    94  mmc_sd.o(i.SD_SendCmd)
    SD_WaitReady                             0x08006fab   Thumb Code    32  mmc_sd.o(i.SD_WaitReady)
    SD_WriteDisk                             0x08006fcd   Thumb Code   124  mmc_sd.o(i.SD_WriteDisk)
    SPI1_Init                                0x0800704d   Thumb Code   110  spi.o(i.SPI1_Init)
    SPI1_ReadWriteByte                       0x080070c9   Thumb Code    76  spi.o(i.SPI1_ReadWriteByte)
    SPI1_SetSpeed                            0x08007119   Thumb Code    26  spi.o(i.SPI1_SetSpeed)
    SPI_Cmd                                  0x0800713d   Thumb Code    20  stm32f10x_spi.o(i.SPI_Cmd)
    SPI_FLASH_Write_Enable                   0x08007151   Thumb Code    26  flash.o(i.SPI_FLASH_Write_Enable)
    SPI_Flash_Erase_Sector                   0x08007171   Thumb Code    64  flash.o(i.SPI_Flash_Erase_Sector)
    SPI_Flash_Init                           0x080071b5   Thumb Code    66  flash.o(i.SPI_Flash_Init)
    SPI_Flash_Read                           0x08007201   Thumb Code    76  flash.o(i.SPI_Flash_Read)
    SPI_Flash_ReadID                         0x08007251   Thumb Code    62  flash.o(i.SPI_Flash_ReadID)
    SPI_Flash_ReadSR                         0x08007295   Thumb Code    32  flash.o(i.SPI_Flash_ReadSR)
    SPI_Flash_Wait_Busy                      0x080072b9   Thumb Code    12  flash.o(i.SPI_Flash_Wait_Busy)
    SPI_Flash_Write                          0x080072c5   Thumb Code   150  flash.o(i.SPI_Flash_Write)
    SPI_Flash_Write_NoCheck                  0x08007361   Thumb Code    62  flash.o(i.SPI_Flash_Write_NoCheck)
    SPI_Flash_Write_Page                     0x080073a1   Thumb Code    82  flash.o(i.SPI_Flash_Write_Page)
    SPI_I2S_GetFlagStatus                    0x080073f9   Thumb Code    14  stm32f10x_spi.o(i.SPI_I2S_GetFlagStatus)
    SPI_I2S_ReceiveData                      0x08007407   Thumb Code     4  stm32f10x_spi.o(i.SPI_I2S_ReceiveData)
    SPI_I2S_SendData                         0x0800740b   Thumb Code     4  stm32f10x_spi.o(i.SPI_I2S_SendData)
    SPI_Init                                 0x0800740f   Thumb Code    56  stm32f10x_spi.o(i.SPI_Init)
    SVC_Handler                              0x08007447   Thumb Code     2  stm32f10x_it.o(i.SVC_Handler)
    SendEnd                                  0x08007449   Thumb Code   160  main.o(i.SendEnd)
    SysTick_CLKSourceConfig                  0x080075e1   Thumb Code    24  misc.o(i.SysTick_CLKSourceConfig)
    SysTick_Handler                          0x080075f9   Thumb Code     2  stm32f10x_it.o(i.SysTick_Handler)
    SystemInit                               0x080075fd   Thumb Code    64  system_stm32f10x.o(i.SystemInit)
    TIM4_IRQHandler                          0x0800764d   Thumb Code    46  usart2.o(i.TIM4_IRQHandler)
    TIM4_Init                                0x08007685   Thumb Code    82  usart2.o(i.TIM4_Init)
    TIM4_Set                                 0x080076dd   Thumb Code    34  usart2.o(i.TIM4_Set)
    TIM_ClearITPendingBit                    0x08007705   Thumb Code     6  stm32f10x_tim.o(i.TIM_ClearITPendingBit)
    TIM_Cmd                                  0x0800770b   Thumb Code    20  stm32f10x_tim.o(i.TIM_Cmd)
    TIM_GetITStatus                          0x0800771f   Thumb Code    24  stm32f10x_tim.o(i.TIM_GetITStatus)
    TIM_ITConfig                             0x08007737   Thumb Code    16  stm32f10x_tim.o(i.TIM_ITConfig)
    TIM_SetCounter                           0x08007747   Thumb Code     4  stm32f10x_tim.o(i.TIM_SetCounter)
    TIM_TimeBaseInit                         0x0800774d   Thumb Code   114  stm32f10x_tim.o(i.TIM_TimeBaseInit)
    UART_DMA_Config                          0x080077e9   Thumb Code    66  usart2.o(i.UART_DMA_Config)
    UART_DMA_Enable                          0x0800782b   Thumb Code    32  usart2.o(i.UART_DMA_Enable)
    USART1_IRQHandler                        0x0800784d   Thumb Code    88  usart.o(i.USART1_IRQHandler)
    USART2_IRQHandler                        0x080078b1   Thumb Code    70  usart2.o(i.USART2_IRQHandler)
    USART2_Init                              0x08007909   Thumb Code   208  usart2.o(i.USART2_Init)
    USART_Cmd                                0x080079ed   Thumb Code    20  stm32f10x_usart.o(i.USART_Cmd)
    USART_DMACmd                             0x08007a01   Thumb Code    16  stm32f10x_usart.o(i.USART_DMACmd)
    USART_DeInit                             0x08007a11   Thumb Code    96  stm32f10x_usart.o(i.USART_DeInit)
    USART_GetITStatus                        0x08007a85   Thumb Code    62  stm32f10x_usart.o(i.USART_GetITStatus)
    USART_ITConfig                           0x08007ac3   Thumb Code    48  stm32f10x_usart.o(i.USART_ITConfig)
    USART_Init                               0x08007af5   Thumb Code   166  stm32f10x_usart.o(i.USART_Init)
    USART_ReceiveData                        0x08007ba1   Thumb Code     8  stm32f10x_usart.o(i.USART_ReceiveData)
    Ublox_Cfg_Ack_Check                      0x08007ba9   Thumb Code    88  gps.o(i.Ublox_Cfg_Ack_Check)
    Ublox_Cfg_Cfg_Save                       0x08007c09   Thumb Code    98  gps.o(i.Ublox_Cfg_Cfg_Save)
    Ublox_Cfg_Prt                            0x08007c75   Thumb Code   106  gps.o(i.Ublox_Cfg_Prt)
    Ublox_Cfg_Rate                           0x08007ce9   Thumb Code    80  gps.o(i.Ublox_Cfg_Rate)
    Ublox_Cfg_Tp                             0x08007d41   Thumb Code    92  gps.o(i.Ublox_Cfg_Tp)
    Ublox_CheckSum                           0x08007da5   Thumb Code    34  gps.o(i.Ublox_CheckSum)
    UsageFault_Handler                       0x08007dc7   Thumb Code     2  stm32f10x_it.o(i.UsageFault_Handler)
    __ARM_fpclassify                         0x08007dc9   Thumb Code    40  fpclassify.o(i.__ARM_fpclassify)
    _is_digit                                0x08007df1   Thumb Code    14  __printf_wp.o(i._is_digit)
    _sys_exit                                0x08007dff   Thumb Code     2  usart.o(i._sys_exit)
    clust2sect                               0x08007e91   Thumb Code    24  ff.o(i.clust2sect)
    delay_init                               0x08008161   Thumb Code    46  delay.o(i.delay_init)
    delay_ms                                 0x0800819d   Thumb Code    46  delay.o(i.delay_ms)
    delay_us                                 0x080081d1   Thumb Code    46  delay.o(i.delay_us)
    disk_initialize                          0x08008639   Thumb Code    66  diskio.o(i.disk_initialize)
    disk_ioctl                               0x08008685   Thumb Code    96  diskio.o(i.disk_ioctl)
    disk_read                                0x080086ed   Thumb Code    86  diskio.o(i.disk_read)
    disk_status                              0x08008743   Thumb Code     4  diskio.o(i.disk_status)
    disk_write                               0x08008747   Thumb Code    72  diskio.o(i.disk_write)
    exfuns_init                              0x08008791   Thumb Code    84  exfuns.o(i.exfuns_init)
    f_close                                  0x080087e9   Thumb Code    28  ff.o(i.f_close)
    f_lseek                                  0x08008805   Thumb Code   512  ff.o(i.f_lseek)
    f_mount                                  0x08008a05   Thumb Code    72  ff.o(i.f_mount)
    f_open                                   0x08008a51   Thumb Code   344  ff.o(i.f_open)
    f_printf                                 0x08008ba9   Thumb Code   484  ff.o(i.f_printf)
    f_sync                                   0x08008d8d   Thumb Code   152  ff.o(i.f_sync)
    f_write                                  0x08008e25   Thumb Code   386  ff.o(i.f_write)
    ff_convert                               0x08008fa9   Thumb Code    68  cc936.o(i.ff_convert)
    ff_memalloc                              0x08008ff5   Thumb Code     4  diskio.o(i.ff_memalloc)
    ff_memfree                               0x08008ff9   Thumb Code     4  diskio.o(i.ff_memfree)
    ff_wtoupper                              0x08008ffd   Thumb Code    28  cc936.o(i.ff_wtoupper)
    fputc                                    0x080092c1   Thumb Code    18  usart.o(i.fputc)
    get_fat                                  0x08009365   Thumb Code   182  ff.o(i.get_fat)
    get_fattime                              0x0800941b   Thumb Code     4  diskio.o(i.get_fattime)
    main                                     0x0800946d   Thumb Code  1508  main.o(i.main)
    mem_free                                 0x08009a61   Thumb Code    58  malloc.o(i.mem_free)
    mem_init                                 0x08009aa1   Thumb Code    34  malloc.o(i.mem_init)
    mem_malloc                               0x08009ac9   Thumb Code    88  malloc.o(i.mem_malloc)
    mem_perused                              0x08009b25   Thumb Code    40  malloc.o(i.mem_perused)
    myfree                                   0x08009b8d   Thumb Code    16  malloc.o(i.myfree)
    mymalloc                                 0x08009ba1   Thumb Code    22  malloc.o(i.mymalloc)
    mymemset                                 0x08009bbd   Thumb Code    12  malloc.o(i.mymemset)
    put_fat                                  0x08009bc9   Thumb Code   248  ff.o(i.put_fat)
    send_mark                                0x08009d5d   Thumb Code   172  main.o(i.send_mark)
    sim808_check_cmd                         0x08009e55   Thumb Code    28  sim808.o(i.sim808_check_cmd)
    sim808_send_cmd                          0x08009e79   Thumb Code    76  sim808.o(i.sim808_send_cmd)
    uart_init                                0x08009ffd   Thumb Code   152  usart.o(i.uart_init)
    _get_lc_numeric                          0x0800a0c5   Thumb Code    44  lc_numeric_c.o(locale$$code)
    __aeabi_ddiv                             0x0800a0f1   Thumb Code     0  ddiv.o(x$fpl$ddiv)
    _ddiv                                    0x0800a0f1   Thumb Code   552  ddiv.o(x$fpl$ddiv)
    __aeabi_d2uiz                            0x0800a3a1   Thumb Code     0  dfixu.o(x$fpl$dfixu)
    _dfixu                                   0x0800a3a1   Thumb Code    90  dfixu.o(x$fpl$dfixu)
    __aeabi_ui2d                             0x0800a3fb   Thumb Code     0  dflt_clz.o(x$fpl$dfltu)
    _dfltu                                   0x0800a3fb   Thumb Code    38  dflt_clz.o(x$fpl$dfltu)
    __aeabi_dmul                             0x0800a421   Thumb Code     0  dmul.o(x$fpl$dmul)
    _dmul                                    0x0800a421   Thumb Code   332  dmul.o(x$fpl$dmul)
    __fpl_dnaninf                            0x0800a575   Thumb Code   156  dnaninf.o(x$fpl$dnaninf)
    __fpl_dretinf                            0x0800a611   Thumb Code    12  dretinf.o(x$fpl$dretinf)
    __aeabi_fadd                             0x0800a61d   Thumb Code     0  faddsub_clz.o(x$fpl$fadd)
    _fadd                                    0x0800a61d   Thumb Code   196  faddsub_clz.o(x$fpl$fadd)
    __aeabi_fdiv                             0x0800a6e1   Thumb Code     0  fdiv.o(x$fpl$fdiv)
    _fdiv                                    0x0800a6e1   Thumb Code   384  fdiv.o(x$fpl$fdiv)
    __aeabi_f2uiz                            0x0800a865   Thumb Code     0  ffixu.o(x$fpl$ffixu)
    _ffixu                                   0x0800a865   Thumb Code    62  ffixu.o(x$fpl$ffixu)
    __aeabi_ui2f                             0x0800a8a5   Thumb Code     0  fflt_clz.o(x$fpl$ffltu)
    _ffltu                                   0x0800a8a5   Thumb Code    38  fflt_clz.o(x$fpl$ffltu)
    __aeabi_fmul                             0x0800a8cd   Thumb Code     0  fmul.o(x$fpl$fmul)
    _fmul                                    0x0800a8cd   Thumb Code   258  fmul.o(x$fpl$fmul)
    __fpl_fnaninf                            0x0800a9cf   Thumb Code   140  fnaninf.o(x$fpl$fnaninf)
    __fpl_fretinf                            0x0800aa5b   Thumb Code    10  fretinf.o(x$fpl$fretinf)
    __aeabi_fsub                             0x0800aa65   Thumb Code     0  faddsub_clz.o(x$fpl$fsub)
    _fsub                                    0x0800aa65   Thumb Code   234  faddsub_clz.o(x$fpl$fsub)
    _printf_fp_dec                           0x0800ab4f   Thumb Code     4  printf1.o(x$fpl$printf1)
    __I$use$fp                               0x0800ab52   Number         0  usenofp.o(x$fpl$usenofp)
    asc2_1206                                0x0800ab52   Data        1140  lcd.o(.constdata)
    asc2_1608                                0x0800afc6   Data        1520  lcd.o(.constdata)
    asc2_2412                                0x0800b5b6   Data        3420  lcd.o(.constdata)
    Region$$Table$$Base                      0x08037174   Number         0  anon$$obj.o(Region$$Table)
    Region$$Table$$Limit                     0x08037194   Number         0  anon$$obj.o(Region$$Table)
    res                                      0x20000000   Data           1  main.o(.data)
    t                                        0x20000001   Data           1  main.o(.data)
    IP_command                               0x20000004   Data           4  main.o(.data)
    r                                        0x20000008   Data           4  main.o(.data)
    randNum                                  0x2000000c   Data           4  main.o(.data)
    SystemCoreClock                          0x20000010   Data           4  system_stm32f10x.o(.data)
    AHBPrescTable                            0x20000014   Data          16  system_stm32f10x.o(.data)
    POINT_COLOR                              0x20000024   Data           2  lcd.o(.data)
    BACK_COLOR                               0x20000026   Data           2  lcd.o(.data)
    SD_Type                                  0x20000029   Data           1  mmc_sd.o(.data)
    SPI_FLASH_TYPE                           0x2000002a   Data           2  flash.o(.data)
    USART2_RX_STA                            0x2000002c   Data           2  usart2.o(.data)
    USART_RX_STA                             0x20000032   Data           2  usart.o(.data)
    __stdout                                 0x20000034   Data           4  usart.o(.data)
    mallco_dev                               0x2000004c   Data          20  malloc.o(.data)
    file                                     0x20000060   Data           4  exfuns.o(.data)
    ftemp                                    0x20000064   Data           4  exfuns.o(.data)
    fatbuf                                   0x20000068   Data           4  exfuns.o(.data)
    fs                                       0x2000006c   Data           8  exfuns.o(.data)
    FILE_TYPE_TBL                            0x20000074   Data         312  exfuns.o(.data)
    br                                       0x200001ac   Data           4  exfuns.o(.data)
    FLASH_SECTOR_COUNT                       0x200001b0   Data           2  diskio.o(.data)
    buf                                      0x200001c0   Data         100  main.o(.bss)
    dtbuf                                    0x20000224   Data          50  main.o(.bss)
    USART1_TX_BUF                            0x20000256   Data         200  main.o(.bss)
    gpsx                                     0x2000031e   Data         105  main.o(.bss)
    lcddev                                   0x20000388   Data          14  lcd.o(.bss)
    SPI_InitStructure                        0x20000396   Data          18  spi.o(.bss)
    SPI_FLASH_BUF                            0x200003a8   Data        4096  flash.o(.bss)
    USART2_TX_BUF                            0x200013a8   Data         200  usart2.o(.bss)
    USART2_RX_BUF                            0x20001470   Data         200  usart2.o(.bss)
    USART_RX_BUF                             0x20001538   Data         200  usart.o(.bss)
    membase                                  0x20001600   Data       35840  malloc.o(.bss)
    memmapbase                               0x2000a200   Data        2240  malloc.o(.bss)
    __libspace_start                         0x2000aac0   Data          96  libspace.o(.bss)
    __temporary_stack_top$libspace           0x2000ab20   Data           0  libspace.o(.bss)



==============================================================================

Memory Map of the image

  Image Entry point : 0x08000131

  Load Region LR_IROM1 (Base: 0x08000000, Size: 0x00037370, Max: 0x00040000, ABSOLUTE, COMPRESSED[0x00037238])

    Execution Region ER_IROM1 (Base: 0x08000000, Size: 0x000371b0, Max: 0x00040000, ABSOLUTE)

    Base Addr    Size         Type   Attr      Idx    E Section Name        Object

    0x08000000   0x00000130   Data   RO         1120    RESET               startup_stm32f10x_hd.o
    0x08000130   0x00000008   Code   RO         3471  * !!!main             c_w.l(__main.o)
    0x08000138   0x00000034   Code   RO         3777    !!!scatter          c_w.l(__scatter.o)
    0x0800016c   0x0000005a   Code   RO         3775    !!dczerorl2         c_w.l(__dczerorl2.o)
    0x080001c6   0x00000002   PAD
    0x080001c8   0x0000001c   Code   RO         3779    !!handler_zi        c_w.l(__scatter_zi.o)
    0x080001e4   0x00000000   Code   RO         3460    .ARM.Collect$$_printf_percent$$00000000  c_w.l(_printf_percent.o)
    0x080001e4   0x00000006   Code   RO         3459    .ARM.Collect$$_printf_percent$$00000003  c_w.l(_printf_f.o)
    0x080001ea   0x00000006   Code   RO         3458    .ARM.Collect$$_printf_percent$$00000009  c_w.l(_printf_d.o)
    0x080001f0   0x00000006   Code   RO         3457    .ARM.Collect$$_printf_percent$$0000000C  c_w.l(_printf_x.o)
    0x080001f6   0x00000006   Code   RO         3455    .ARM.Collect$$_printf_percent$$00000013  c_w.l(_printf_c.o)
    0x080001fc   0x00000006   Code   RO         3456    .ARM.Collect$$_printf_percent$$00000014  c_w.l(_printf_s.o)
    0x08000202   0x00000004   Code   RO         3551    .ARM.Collect$$_printf_percent$$00000017  c_w.l(_printf_percent_end.o)
    0x08000206   0x00000002   Code   RO         3650    .ARM.Collect$$libinit$$00000000  c_w.l(libinit.o)
    0x08000208   0x00000000   Code   RO         3652    .ARM.Collect$$libinit$$00000002  c_w.l(libinit2.o)
    0x08000208   0x00000000   Code   RO         3654    .ARM.Collect$$libinit$$00000004  c_w.l(libinit2.o)
    0x08000208   0x00000000   Code   RO         3657    .ARM.Collect$$libinit$$0000000A  c_w.l(libinit2.o)
    0x08000208   0x00000000   Code   RO         3659    .ARM.Collect$$libinit$$0000000C  c_w.l(libinit2.o)
    0x08000208   0x00000000   Code   RO         3661    .ARM.Collect$$libinit$$0000000E  c_w.l(libinit2.o)
    0x08000208   0x00000006   Code   RO         3662    .ARM.Collect$$libinit$$0000000F  c_w.l(libinit2.o)
    0x0800020e   0x00000000   Code   RO         3664    .ARM.Collect$$libinit$$00000011  c_w.l(libinit2.o)
    0x0800020e   0x00000000   Code   RO         3666    .ARM.Collect$$libinit$$00000013  c_w.l(libinit2.o)
    0x0800020e   0x00000000   Code   RO         3668    .ARM.Collect$$libinit$$00000015  c_w.l(libinit2.o)
    0x0800020e   0x0000000a   Code   RO         3669    .ARM.Collect$$libinit$$00000016  c_w.l(libinit2.o)
    0x08000218   0x00000000   Code   RO         3670    .ARM.Collect$$libinit$$00000017  c_w.l(libinit2.o)
    0x08000218   0x00000000   Code   RO         3672    .ARM.Collect$$libinit$$00000019  c_w.l(libinit2.o)
    0x08000218   0x00000000   Code   RO         3674    .ARM.Collect$$libinit$$0000001B  c_w.l(libinit2.o)
    0x08000218   0x00000000   Code   RO         3676    .ARM.Collect$$libinit$$0000001D  c_w.l(libinit2.o)
    0x08000218   0x00000000   Code   RO         3678    .ARM.Collect$$libinit$$0000001F  c_w.l(libinit2.o)
    0x08000218   0x00000000   Code   RO         3680    .ARM.Collect$$libinit$$00000021  c_w.l(libinit2.o)
    0x08000218   0x00000000   Code   RO         3682    .ARM.Collect$$libinit$$00000023  c_w.l(libinit2.o)
    0x08000218   0x00000000   Code   RO         3684    .ARM.Collect$$libinit$$00000025  c_w.l(libinit2.o)
    0x08000218   0x00000000   Code   RO         3688    .ARM.Collect$$libinit$$0000002C  c_w.l(libinit2.o)
    0x08000218   0x00000000   Code   RO         3690    .ARM.Collect$$libinit$$0000002E  c_w.l(libinit2.o)
    0x08000218   0x00000000   Code   RO         3692    .ARM.Collect$$libinit$$00000030  c_w.l(libinit2.o)
    0x08000218   0x00000000   Code   RO         3694    .ARM.Collect$$libinit$$00000032  c_w.l(libinit2.o)
    0x08000218   0x00000002   Code   RO         3695    .ARM.Collect$$libinit$$00000033  c_w.l(libinit2.o)
    0x0800021a   0x00000002   Code   RO         3726    .ARM.Collect$$libshutdown$$00000000  c_w.l(libshutdown.o)
    0x0800021c   0x00000000   Code   RO         3736    .ARM.Collect$$libshutdown$$00000003  c_w.l(libshutdown2.o)
    0x0800021c   0x00000000   Code   RO         3739    .ARM.Collect$$libshutdown$$00000006  c_w.l(libshutdown2.o)
    0x0800021c   0x00000000   Code   RO         3742    .ARM.Collect$$libshutdown$$00000009  c_w.l(libshutdown2.o)
    0x0800021c   0x00000000   Code   RO         3744    .ARM.Collect$$libshutdown$$0000000B  c_w.l(libshutdown2.o)
    0x0800021c   0x00000000   Code   RO         3747    .ARM.Collect$$libshutdown$$0000000E  c_w.l(libshutdown2.o)
    0x0800021c   0x00000002   Code   RO         3748    .ARM.Collect$$libshutdown$$0000000F  c_w.l(libshutdown2.o)
    0x0800021e   0x00000000   Code   RO         3515    .ARM.Collect$$rtentry$$00000000  c_w.l(__rtentry.o)
    0x0800021e   0x00000000   Code   RO         3571    .ARM.Collect$$rtentry$$00000002  c_w.l(__rtentry2.o)
    0x0800021e   0x00000006   Code   RO         3583    .ARM.Collect$$rtentry$$00000004  c_w.l(__rtentry4.o)
    0x08000224   0x00000000   Code   RO         3573    .ARM.Collect$$rtentry$$00000009  c_w.l(__rtentry2.o)
    0x08000224   0x00000004   Code   RO         3574    .ARM.Collect$$rtentry$$0000000A  c_w.l(__rtentry2.o)
    0x08000228   0x00000000   Code   RO         3576    .ARM.Collect$$rtentry$$0000000C  c_w.l(__rtentry2.o)
    0x08000228   0x00000008   Code   RO         3577    .ARM.Collect$$rtentry$$0000000D  c_w.l(__rtentry2.o)
    0x08000230   0x00000002   Code   RO         3696    .ARM.Collect$$rtexit$$00000000  c_w.l(rtexit.o)
    0x08000232   0x00000000   Code   RO         3706    .ARM.Collect$$rtexit$$00000002  c_w.l(rtexit2.o)
    0x08000232   0x00000004   Code   RO         3707    .ARM.Collect$$rtexit$$00000003  c_w.l(rtexit2.o)
    0x08000236   0x00000006   Code   RO         3708    .ARM.Collect$$rtexit$$00000004  c_w.l(rtexit2.o)
    0x0800023c   0x00000040   Code   RO         1121    .text               startup_stm32f10x_hd.o
    0x0800027c   0x00000002   Code   RO         3394    .text               c_w.l(use_no_semi_2.o)
    0x0800027e   0x00000002   PAD
    0x08000280   0x00000018   Code   RO         3398    .text               c_w.l(__2printf.o)
    0x08000298   0x0000002c   Code   RO         3400    .text               c_w.l(__2sprintf.o)
    0x080002c4   0x0000004e   Code   RO         3408    .text               c_w.l(_printf_pad.o)
    0x08000312   0x00000052   Code   RO         3410    .text               c_w.l(_printf_str.o)
    0x08000364   0x00000078   Code   RO         3412    .text               c_w.l(_printf_dec.o)
    0x080003dc   0x00000094   Code   RO         3432    .text               c_w.l(_printf_hex_int_ll_ptr.o)
    0x08000470   0x00000188   Code   RO         3452    .text               c_w.l(__printf_flags_ss_wp.o)
    0x080005f8   0x00000024   Code   RO         3461    .text               c_w.l(strstr.o)
    0x0800061c   0x00000080   Code   RO         3467    .text               c_w.l(strcmpv7m.o)
    0x0800069c   0x00000006   Code   RO         3469    .text               c_w.l(heapauxi.o)
    0x080006a2   0x00000002   Code   RO         3513    .text               c_w.l(use_no_semi.o)
    0x080006a4   0x000000b2   Code   RO         3518    .text               c_w.l(_printf_intcommon.o)
    0x08000756   0x0000041a   Code   RO         3522    .text               c_w.l(_printf_fp_dec.o)
    0x08000b70   0x00000030   Code   RO         3524    .text               c_w.l(_printf_char_common.o)
    0x08000ba0   0x0000000a   Code   RO         3526    .text               c_w.l(_sputc.o)
    0x08000baa   0x0000002c   Code   RO         3528    .text               c_w.l(_printf_char.o)
    0x08000bd6   0x00000002   PAD
    0x08000bd8   0x00000024   Code   RO         3530    .text               c_w.l(_printf_char_file.o)
    0x08000bfc   0x00000008   Code   RO         3588    .text               c_w.l(rt_locale_intlibspace.o)
    0x08000c04   0x0000008a   Code   RO         3590    .text               c_w.l(lludiv10.o)
    0x08000c8e   0x00000002   PAD
    0x08000c90   0x00000080   Code   RO         3592    .text               c_w.l(_printf_fp_infnan.o)
    0x08000d10   0x000000dc   Code   RO         3598    .text               c_w.l(bigflt0.o)
    0x08000dec   0x00000008   Code   RO         3623    .text               c_w.l(ferror.o)
    0x08000df4   0x00000008   Code   RO         3636    .text               c_w.l(libspace.o)
    0x08000dfc   0x0000004a   Code   RO         3639    .text               c_w.l(sys_stackheap_outer.o)
    0x08000e46   0x0000000c   Code   RO         3643    .text               c_w.l(exit.o)
    0x08000e52   0x0000003e   Code   RO         3601    CL$$btod_d2e        c_w.l(btod.o)
    0x08000e90   0x00000046   Code   RO         3603    CL$$btod_d2e_denorm_low  c_w.l(btod.o)
    0x08000ed6   0x00000060   Code   RO         3602    CL$$btod_d2e_norm_op1  c_w.l(btod.o)
    0x08000f36   0x00000338   Code   RO         3611    CL$$btod_div_common  c_w.l(btod.o)
    0x0800126e   0x000000c6   Code   RO         3608    CL$$btod_e2e        c_w.l(btod.o)
    0x08001334   0x00000028   Code   RO         3605    CL$$btod_ediv       c_w.l(btod.o)
    0x0800135c   0x00000028   Code   RO         3604    CL$$btod_emul       c_w.l(btod.o)
    0x08001384   0x00000244   Code   RO         3610    CL$$btod_mult_common  c_w.l(btod.o)
    0x080015c8   0x00000014   Code   RO         2464    i.ADC_Cmd           stm32f10x_adc.o
    0x080015dc   0x00000044   Code   RO         2466    i.ADC_DeInit        stm32f10x_adc.o
    0x08001620   0x0000000e   Code   RO         2472    i.ADC_GetCalibrationStatus  stm32f10x_adc.o
    0x0800162e   0x0000000e   Code   RO         2478    i.ADC_GetResetCalibrationStatus  stm32f10x_adc.o
    0x0800163c   0x00000048   Code   RO         2482    i.ADC_Init          stm32f10x_adc.o
    0x08001684   0x0000000a   Code   RO         2487    i.ADC_ResetCalibration  stm32f10x_adc.o
    0x0800168e   0x00000014   Code   RO         2489    i.ADC_SoftwareStartConvCmd  stm32f10x_adc.o
    0x080016a2   0x0000000a   Code   RO         2491    i.ADC_StartCalibration  stm32f10x_adc.o
    0x080016ac   0x00000090   Code   RO          993    i.Adc_Init          adc.o
    0x0800173c   0x00000002   Code   RO          205    i.BusFault_Handler  stm32f10x_it.o
    0x0800173e   0x00000016   Code   RO         2334    i.DMA_Cmd           stm32f10x_dma.o
    0x08001754   0x000000e4   Code   RO         2335    i.DMA_DeInit        stm32f10x_dma.o
    0x08001838   0x0000003a   Code   RO         2340    i.DMA_Init          stm32f10x_dma.o
    0x08001872   0x00000004   Code   RO         2341    i.DMA_SetCurrDataCounter  stm32f10x_dma.o
    0x08001876   0x00000002   Code   RO          206    i.DebugMon_Handler  stm32f10x_it.o
    0x08001878   0x00000060   Code   RO          975    i.EXTI15_10_IRQHandler  exti.o
    0x080018d8   0x00000084   Code   RO          976    i.EXTIX_Init        exti.o
    0x0800195c   0x0000000c   Code   RO         2405    i.EXTI_ClearITPendingBit  stm32f10x_exti.o
    0x08001968   0x00000070   Code   RO         2410    i.EXTI_Init         stm32f10x_exti.o
    0x080019d8   0x00000028   Code   RO         1128    i.GPIO_EXTILineConfig  stm32f10x_gpio.o
    0x08001a00   0x0000009c   Code   RO         1131    i.GPIO_Init         stm32f10x_gpio.o
    0x08001a9c   0x00000058   Code   RO         1133    i.GPIO_PinRemapConfig  stm32f10x_gpio.o
    0x08001af4   0x0000000e   Code   RO         1135    i.GPIO_ReadInputDataBit  stm32f10x_gpio.o
    0x08001b02   0x00000004   Code   RO         1139    i.GPIO_SetBits      stm32f10x_gpio.o
    0x08001b06   0x0000002e   Code   RO          862    i.GPS_Analysis      gps.o
    0x08001b34   0x00000002   Code   RO          207    i.HardFault_Handler  stm32f10x_it.o
    0x08001b36   0x0000002e   Code   RO            1    i.INIT_ALL          main.o
    0x08001b64   0x0000005c   Code   RO          539    i.KEY_Init          key.o
    0x08001bc0   0x000000a8   Code   RO          540    i.KEY_Scan          key.o
    0x08001c68   0x00000084   Code   RO          336    i.LCD_Clear         lcd.o
    0x08001cec   0x00000134   Code   RO          340    i.LCD_Display_Dir   lcd.o
    0x08001e20   0x00000250   Code   RO          345    i.LCD_Fast_DrawPoint  lcd.o
    0x08002070   0x000000ac   Code   RO          346    i.LCD_Fill          lcd.o
    0x0800211c   0x000037e4   Code   RO          347    i.LCD_Init          lcd.o
    0x08005900   0x00000010   Code   RO          348    i.LCD_Pow           lcd.o
    0x08005910   0x00000070   Code   RO          349    i.LCD_RD_DATA       lcd.o
    0x08005980   0x0000000e   Code   RO          351    i.LCD_ReadReg       lcd.o
    0x0800598e   0x00000002   PAD
    0x08005990   0x0000009c   Code   RO          352    i.LCD_SSD_BackLightSet  lcd.o
    0x08005a2c   0x000002f4   Code   RO          353    i.LCD_Scan_Dir      lcd.o
    0x08005d20   0x00000354   Code   RO          354    i.LCD_SetCursor     lcd.o
    0x08006074   0x000000cc   Code   RO          356    i.LCD_ShowChar      lcd.o
    0x08006140   0x00000076   Code   RO          357    i.LCD_ShowNum       lcd.o
    0x080061b6   0x00000054   Code   RO          358    i.LCD_ShowString    lcd.o
    0x0800620a   0x00000002   PAD
    0x0800620c   0x00000024   Code   RO          360    i.LCD_WR_DATAX      lcd.o
    0x08006230   0x00000024   Code   RO          361    i.LCD_WR_REG        lcd.o
    0x08006254   0x0000000c   Code   RO          363    i.LCD_WriteRAM_Prepare  lcd.o
    0x08006260   0x0000002c   Code   RO          364    i.LCD_WriteReg      lcd.o
    0x0800628c   0x00000074   Code   RO          323    i.LED_Init          led.o
    0x08006300   0x00000002   Code   RO          208    i.MemManage_Handler  stm32f10x_it.o
    0x08006302   0x0000002a   Code   RO          863    i.NMEA_Comma_Pos    gps.o
    0x0800632c   0x00000060   Code   RO          864    i.NMEA_GPGGA_Analysis  gps.o
    0x0800638c   0x000000a0   Code   RO          865    i.NMEA_GPGSA_Analysis  gps.o
    0x0800642c   0x000000e8   Code   RO          866    i.NMEA_GPGSV_Analysis  gps.o
    0x08006514   0x000001e8   Code   RO          867    i.NMEA_GPRMC_Analysis  gps.o
    0x080066fc   0x0000004c   Code   RO          868    i.NMEA_GPVTG_Analysis  gps.o
    0x08006748   0x00000010   Code   RO          869    i.NMEA_Pow          gps.o
    0x08006758   0x000000c0   Code   RO          870    i.NMEA_Str2num      gps.o
    0x08006818   0x00000002   Code   RO          209    i.NMI_Handler       stm32f10x_it.o
    0x0800681a   0x00000002   PAD
    0x0800681c   0x00000064   Code   RO         1619    i.NVIC_Init         misc.o
    0x08006880   0x00000014   Code   RO         1620    i.NVIC_PriorityGroupConfig  misc.o
    0x08006894   0x00000002   Code   RO          210    i.PendSV_Handler    stm32f10x_it.o
    0x08006896   0x00000002   PAD
    0x08006898   0x00000014   Code   RO         1239    i.RCC_ADCCLKConfig  stm32f10x_rcc.o
    0x080068ac   0x00000018   Code   RO         1240    i.RCC_AHBPeriphClockCmd  stm32f10x_rcc.o
    0x080068c4   0x00000018   Code   RO         1241    i.RCC_APB1PeriphClockCmd  stm32f10x_rcc.o
    0x080068dc   0x00000018   Code   RO         1242    i.RCC_APB1PeriphResetCmd  stm32f10x_rcc.o
    0x080068f4   0x00000018   Code   RO         1243    i.RCC_APB2PeriphClockCmd  stm32f10x_rcc.o
    0x0800690c   0x00000018   Code   RO         1244    i.RCC_APB2PeriphResetCmd  stm32f10x_rcc.o
    0x08006924   0x00000094   Code   RO         1251    i.RCC_GetClocksFreq  stm32f10x_rcc.o
    0x080069b8   0x00000204   Code   RO            2    i.SD                main.o
    0x08006bbc   0x00000014   Code   RO          588    i.SD_DisSelect      mmc_sd.o
    0x08006bd0   0x0000002a   Code   RO          590    i.SD_GetCSD         mmc_sd.o
    0x08006bfa   0x00000028   Code   RO          591    i.SD_GetResponse    mmc_sd.o
    0x08006c22   0x0000006e   Code   RO          592    i.SD_GetSectorCount  mmc_sd.o
    0x08006c90   0x00000158   Code   RO          593    i.SD_Initialize     mmc_sd.o
    0x08006de8   0x0000006c   Code   RO          594    i.SD_ReadDisk       mmc_sd.o
    0x08006e54   0x00000032   Code   RO          595    i.SD_RecvData       mmc_sd.o
    0x08006e86   0x00000002   PAD
    0x08006e88   0x00000044   Code   RO          596    i.SD_SPI_Init       mmc_sd.o
    0x08006ecc   0x00000004   Code   RO          597    i.SD_SPI_ReadWriteByte  mmc_sd.o
    0x08006ed0   0x00000006   Code   RO          598    i.SD_SPI_SpeedHigh  mmc_sd.o
    0x08006ed6   0x00000006   Code   RO          599    i.SD_SPI_SpeedLow   mmc_sd.o
    0x08006edc   0x00000020   Code   RO          600    i.SD_Select         mmc_sd.o
    0x08006efc   0x00000050   Code   RO          601    i.SD_SendBlock      mmc_sd.o
    0x08006f4c   0x0000005e   Code   RO          602    i.SD_SendCmd        mmc_sd.o
    0x08006faa   0x00000020   Code   RO          603    i.SD_WaitReady      mmc_sd.o
    0x08006fca   0x00000002   PAD
    0x08006fcc   0x00000080   Code   RO          604    i.SD_WriteDisk      mmc_sd.o
    0x0800704c   0x0000007c   Code   RO          558    i.SPI1_Init         spi.o
    0x080070c8   0x00000050   Code   RO          559    i.SPI1_ReadWriteByte  spi.o
    0x08007118   0x00000024   Code   RO          560    i.SPI1_SetSpeed     spi.o
    0x0800713c   0x00000014   Code   RO         1660    i.SPI_Cmd           stm32f10x_spi.o
    0x08007150   0x00000020   Code   RO          696    i.SPI_FLASH_Write_Enable  flash.o
    0x08007170   0x00000044   Code   RO          699    i.SPI_Flash_Erase_Sector  flash.o
    0x080071b4   0x0000004c   Code   RO          700    i.SPI_Flash_Init    flash.o
    0x08007200   0x00000050   Code   RO          702    i.SPI_Flash_Read    flash.o
    0x08007250   0x00000044   Code   RO          703    i.SPI_Flash_ReadID  flash.o
    0x08007294   0x00000024   Code   RO          704    i.SPI_Flash_ReadSR  flash.o
    0x080072b8   0x0000000c   Code   RO          706    i.SPI_Flash_Wait_Busy  flash.o
    0x080072c4   0x0000009c   Code   RO          707    i.SPI_Flash_Write   flash.o
    0x08007360   0x0000003e   Code   RO          708    i.SPI_Flash_Write_NoCheck  flash.o
    0x0800739e   0x00000002   PAD
    0x080073a0   0x00000058   Code   RO          709    i.SPI_Flash_Write_Page  flash.o
    0x080073f8   0x0000000e   Code   RO         1668    i.SPI_I2S_GetFlagStatus  stm32f10x_spi.o
    0x08007406   0x00000004   Code   RO         1671    i.SPI_I2S_ReceiveData  stm32f10x_spi.o
    0x0800740a   0x00000004   Code   RO         1672    i.SPI_I2S_SendData  stm32f10x_spi.o
    0x0800740e   0x00000038   Code   RO         1673    i.SPI_Init          stm32f10x_spi.o
    0x08007446   0x00000002   Code   RO          211    i.SVC_Handler       stm32f10x_it.o
    0x08007448   0x000000f0   Code   RO            3    i.SendEnd           main.o
    0x08007538   0x000000a8   Code   RO          294    i.SetSysClockTo72   system_stm32f10x.o
    0x080075e0   0x00000018   Code   RO         1623    i.SysTick_CLKSourceConfig  misc.o
    0x080075f8   0x00000002   Code   RO          212    i.SysTick_Handler   stm32f10x_it.o
    0x080075fa   0x00000002   PAD
    0x080075fc   0x00000050   Code   RO          296    i.SystemInit        system_stm32f10x.o
    0x0800764c   0x00000038   Code   RO          795    i.TIM4_IRQHandler   usart2.o
    0x08007684   0x00000058   Code   RO          796    i.TIM4_Init         usart2.o
    0x080076dc   0x00000028   Code   RO          797    i.TIM4_Set          usart2.o
    0x08007704   0x00000006   Code   RO         1808    i.TIM_ClearITPendingBit  stm32f10x_tim.o
    0x0800770a   0x00000014   Code   RO         1813    i.TIM_Cmd           stm32f10x_tim.o
    0x0800771e   0x00000018   Code   RO         1834    i.TIM_GetITStatus   stm32f10x_tim.o
    0x08007736   0x00000010   Code   RO         1838    i.TIM_ITConfig      stm32f10x_tim.o
    0x08007746   0x00000004   Code   RO         1878    i.TIM_SetCounter    stm32f10x_tim.o
    0x0800774a   0x00000002   PAD
    0x0800774c   0x0000009c   Code   RO         1884    i.TIM_TimeBaseInit  stm32f10x_tim.o
    0x080077e8   0x00000042   Code   RO          798    i.UART_DMA_Config   usart2.o
    0x0800782a   0x00000020   Code   RO          799    i.UART_DMA_Enable   usart2.o
    0x0800784a   0x00000002   PAD
    0x0800784c   0x00000064   Code   RO         1066    i.USART1_IRQHandler  usart.o
    0x080078b0   0x00000058   Code   RO          800    i.USART2_IRQHandler  usart2.o
    0x08007908   0x000000e4   Code   RO          801    i.USART2_Init       usart2.o
    0x080079ec   0x00000014   Code   RO         1443    i.USART_Cmd         stm32f10x_usart.o
    0x08007a00   0x00000010   Code   RO         1444    i.USART_DMACmd      stm32f10x_usart.o
    0x08007a10   0x00000074   Code   RO         1445    i.USART_DeInit      stm32f10x_usart.o
    0x08007a84   0x0000003e   Code   RO         1447    i.USART_GetITStatus  stm32f10x_usart.o
    0x08007ac2   0x00000030   Code   RO         1449    i.USART_ITConfig    stm32f10x_usart.o
    0x08007af2   0x00000002   PAD
    0x08007af4   0x000000ac   Code   RO         1450    i.USART_Init        stm32f10x_usart.o
    0x08007ba0   0x00000008   Code   RO         1457    i.USART_ReceiveData  stm32f10x_usart.o
    0x08007ba8   0x00000060   Code   RO          871    i.Ublox_Cfg_Ack_Check  gps.o
    0x08007c08   0x0000006c   Code   RO          872    i.Ublox_Cfg_Cfg_Save  gps.o
    0x08007c74   0x00000074   Code   RO          874    i.Ublox_Cfg_Prt     gps.o
    0x08007ce8   0x00000058   Code   RO          875    i.Ublox_Cfg_Rate    gps.o
    0x08007d40   0x00000064   Code   RO          876    i.Ublox_Cfg_Tp      gps.o
    0x08007da4   0x00000022   Code   RO          877    i.Ublox_CheckSum    gps.o
    0x08007dc6   0x00000002   Code   RO          213    i.UsageFault_Handler  stm32f10x_it.o
    0x08007dc8   0x00000028   Code   RO         3634    i.__ARM_fpclassify  m_ws.l(fpclassify.o)
    0x08007df0   0x0000000e   Code   RO         3445    i._is_digit         c_w.l(__printf_wp.o)
    0x08007dfe   0x00000002   Code   RO         1067    i._sys_exit         usart.o
    0x08007e00   0x0000005c   Code   RO         3024    i.check_fs          ff.o
    0x08007e5c   0x00000010   Code   RO         3025    i.chk_chr           ff.o
    0x08007e6c   0x00000024   Code   RO         3026    i.clmt_clust        ff.o
    0x08007e90   0x00000018   Code   RO         3027    i.clust2sect        ff.o
    0x08007ea8   0x0000009e   Code   RO         3028    i.create_chain      ff.o
    0x08007f46   0x00000002   PAD
    0x08007f48   0x00000218   Code   RO         3029    i.create_name       ff.o
    0x08008160   0x0000003c   Code   RO         1011    i.delay_init        delay.o
    0x0800819c   0x00000034   Code   RO         1012    i.delay_ms          delay.o
    0x080081d0   0x00000034   Code   RO         1013    i.delay_us          delay.o
    0x08008204   0x00000042   Code   RO         3030    i.dir_alloc         ff.o
    0x08008246   0x00000002   PAD
    0x08008248   0x00000128   Code   RO         3031    i.dir_find          ff.o
    0x08008370   0x000000e6   Code   RO         3032    i.dir_next          ff.o
    0x08008456   0x00000002   PAD
    0x08008458   0x00000164   Code   RO         3034    i.dir_register      ff.o
    0x080085bc   0x0000007c   Code   RO         3036    i.dir_sdi           ff.o
    0x08008638   0x0000004c   Code   RO         2956    i.disk_initialize   diskio.o
    0x08008684   0x00000068   Code   RO         2957    i.disk_ioctl        diskio.o
    0x080086ec   0x00000056   Code   RO         2958    i.disk_read         diskio.o
    0x08008742   0x00000004   Code   RO         2959    i.disk_status       diskio.o
    0x08008746   0x00000048   Code   RO         2960    i.disk_write        diskio.o
    0x0800878e   0x00000002   PAD
    0x08008790   0x00000058   Code   RO         2751    i.exfuns_init       exfuns.o
    0x080087e8   0x0000001c   Code   RO         3038    i.f_close           ff.o
    0x08008804   0x00000200   Code   RO         3043    i.f_lseek           ff.o
    0x08008a04   0x0000004c   Code   RO         3046    i.f_mount           ff.o
    0x08008a50   0x00000158   Code   RO         3047    i.f_open            ff.o
    0x08008ba8   0x000001e4   Code   RO         3049    i.f_printf          ff.o
    0x08008d8c   0x00000098   Code   RO         3057    i.f_sync            ff.o
    0x08008e24   0x00000182   Code   RO         3061    i.f_write           ff.o
    0x08008fa6   0x00000002   PAD
    0x08008fa8   0x0000004c   Code   RO         3341    i.ff_convert        cc936.o
    0x08008ff4   0x00000004   Code   RO         2961    i.ff_memalloc       diskio.o
    0x08008ff8   0x00000004   Code   RO         2962    i.ff_memfree        diskio.o
    0x08008ffc   0x00000024   Code   RO         3342    i.ff_wtoupper       cc936.o
    0x08009020   0x00000238   Code   RO         3062    i.find_volume       ff.o
    0x08009258   0x00000066   Code   RO         3063    i.follow_path       ff.o
    0x080092be   0x00000002   PAD
    0x080092c0   0x00000018   Code   RO         1068    i.fputc             usart.o
    0x080092d8   0x0000008c   Code   RO         3064    i.gen_numname       ff.o
    0x08009364   0x000000b6   Code   RO         3065    i.get_fat           ff.o
    0x0800941a   0x00000004   Code   RO         2963    i.get_fattime       diskio.o
    0x0800941e   0x0000003c   Code   RO         3067    i.get_ldnumber      ff.o
    0x0800945a   0x00000012   Code   RO         3068    i.ld_clust          ff.o
    0x0800946c   0x000005e4   Code   RO            4    i.main              main.o
    0x08009a50   0x00000010   Code   RO         3069    i.mem_cpy           ff.o
    0x08009a60   0x00000040   Code   RO         2680    i.mem_free          malloc.o
    0x08009aa0   0x00000028   Code   RO         2681    i.mem_init          malloc.o
    0x08009ac8   0x0000005c   Code   RO         2682    i.mem_malloc        malloc.o
    0x08009b24   0x0000002c   Code   RO         2683    i.mem_perused       malloc.o
    0x08009b50   0x0000000e   Code   RO         3070    i.mem_set           ff.o
    0x08009b5e   0x0000002e   Code   RO         3071    i.move_window       ff.o
    0x08009b8c   0x00000014   Code   RO         2684    i.myfree            malloc.o
    0x08009ba0   0x0000001c   Code   RO         2685    i.mymalloc          malloc.o
    0x08009bbc   0x0000000c   Code   RO         2687    i.mymemset          malloc.o
    0x08009bc8   0x000000f8   Code   RO         3072    i.put_fat           ff.o
    0x08009cc0   0x0000003a   Code   RO         3073    i.putc_bfd          ff.o
    0x08009cfa   0x00000062   Code   RO         3074    i.remove_chain      ff.o
    0x08009d5c   0x000000f8   Code   RO            5    i.send_mark         main.o
    0x08009e54   0x00000024   Code   RO         3370    i.sim808_check_cmd  sim808.o
    0x08009e78   0x00000058   Code   RO         3371    i.sim808_send_cmd   sim808.o
    0x08009ed0   0x00000010   Code   RO         3075    i.st_clust          ff.o
    0x08009ee0   0x0000001a   Code   RO         3076    i.sum_sfn           ff.o
    0x08009efa   0x000000b0   Code   RO         3077    i.sync_fs           ff.o
    0x08009faa   0x00000050   Code   RO         3078    i.sync_window       ff.o
    0x08009ffa   0x00000002   PAD
    0x08009ffc   0x000000a0   Code   RO         1069    i.uart_init         usart.o
    0x0800a09c   0x00000026   Code   RO         3079    i.validate          ff.o
    0x0800a0c2   0x00000002   PAD
    0x0800a0c4   0x0000002c   Code   RO         3630    locale$$code        c_w.l(lc_numeric_c.o)
    0x0800a0f0   0x000002b0   Code   RO         3474    x$fpl$ddiv          fz_ws.l(ddiv.o)
    0x0800a3a0   0x0000005a   Code   RO         3477    x$fpl$dfixu         fz_ws.l(dfixu.o)
    0x0800a3fa   0x00000026   Code   RO         3481    x$fpl$dfltu         fz_ws.l(dflt_clz.o)
    0x0800a420   0x00000154   Code   RO         3487    x$fpl$dmul          fz_ws.l(dmul.o)
    0x0800a574   0x0000009c   Code   RO         3561    x$fpl$dnaninf       fz_ws.l(dnaninf.o)
    0x0800a610   0x0000000c   Code   RO         3563    x$fpl$dretinf       fz_ws.l(dretinf.o)
    0x0800a61c   0x000000c4   Code   RO         3489    x$fpl$fadd          fz_ws.l(faddsub_clz.o)
    0x0800a6e0   0x00000184   Code   RO         3496    x$fpl$fdiv          fz_ws.l(fdiv.o)
    0x0800a864   0x0000003e   Code   RO         3499    x$fpl$ffixu         fz_ws.l(ffixu.o)
    0x0800a8a2   0x00000002   PAD
    0x0800a8a4   0x00000026   Code   RO         3503    x$fpl$ffltu         fz_ws.l(fflt_clz.o)
    0x0800a8ca   0x00000002   PAD
    0x0800a8cc   0x00000102   Code   RO         3509    x$fpl$fmul          fz_ws.l(fmul.o)
    0x0800a9ce   0x0000008c   Code   RO         3565    x$fpl$fnaninf       fz_ws.l(fnaninf.o)
    0x0800aa5a   0x0000000a   Code   RO         3567    x$fpl$fretinf       fz_ws.l(fretinf.o)
    0x0800aa64   0x000000ea   Code   RO         3491    x$fpl$fsub          fz_ws.l(faddsub_clz.o)
    0x0800ab4e   0x00000004   Code   RO         3511    x$fpl$printf1       fz_ws.l(printf1.o)
    0x0800ab52   0x00000000   Code   RO         3569    x$fpl$usenofp       fz_ws.l(usenofp.o)
    0x0800ab52   0x000017c0   Data   RO          367    .constdata          lcd.o
    0x0800c312   0x0000003a   Data   RO         3080    .constdata          ff.o
    0x0800c34c   0x0002acc8   Data   RO         3343    .constdata          cc936.o
    0x08037014   0x00000028   Data   RO         3433    .constdata          c_w.l(_printf_hex_int_ll_ptr.o)
    0x0803703c   0x00000011   Data   RO         3453    .constdata          c_w.l(__printf_flags_ss_wp.o)
    0x0803704d   0x00000003   PAD
    0x08037050   0x00000094   Data   RO         3599    .constdata          c_w.l(bigflt0.o)
    0x080370e4   0x0000002a   Data   RO            9    .conststring        main.o
    0x0803710e   0x00000002   PAD
    0x08037110   0x00000064   Data   RO         2755    .conststring        exfuns.o
    0x08037174   0x00000020   Data   RO         3773    Region$$Table       anon$$obj.o
    0x08037194   0x0000001c   Data   RO         3629    locale$$data        c_w.l(lc_numeric_c.o)


    Execution Region RW_IRAM1 (Base: 0x20000000, Size: 0x0000b120, Max: 0x0000c000, ABSOLUTE, COMPRESSED[0x00000088])

    Base Addr    Size         Type   Attr      Idx    E Section Name        Object

    0x20000000   0x00000010   Data   RW           10    .data               main.o
    0x20000010   0x00000014   Data   RW          297    .data               system_stm32f10x.o
    0x20000024   0x00000004   Data   RW          368    .data               lcd.o
    0x20000028   0x00000001   Data   RW          541    .data               key.o
    0x20000029   0x00000001   Data   RW          605    .data               mmc_sd.o
    0x2000002a   0x00000002   Data   RW          711    .data               flash.o
    0x2000002c   0x00000002   Data   RW          804    .data               usart2.o
    0x2000002e   0x00000004   Data   RW         1014    .data               delay.o
    0x20000032   0x00000002   Data   RW         1071    .data               usart.o
    0x20000034   0x00000004   Data   RW         1072    .data               usart.o
    0x20000038   0x00000014   Data   RW         1271    .data               stm32f10x_rcc.o
    0x2000004c   0x00000014   Data   RW         2694    .data               malloc.o
    0x20000060   0x0000014c   Data   RW         2756    .data               exfuns.o
    0x200001ac   0x00000004   Data   RW         2757    .data               exfuns.o
    0x200001b0   0x00000002   Data   RW         2964    .data               diskio.o
    0x200001b2   0x00000002   PAD
    0x200001b4   0x0000000c   Data   RW         3081    .data               ff.o
    0x200001c0   0x000001c7   Zero   RW            7    .bss                main.o
    0x20000387   0x00000001   PAD
    0x20000388   0x0000000e   Zero   RW          366    .bss                lcd.o
    0x20000396   0x00000012   Zero   RW          561    .bss                spi.o
    0x200003a8   0x00001000   Zero   RW          710    .bss                flash.o
    0x200013a8   0x00000190   Zero   RW          803    .bss                usart2.o
    0x20001538   0x000000c8   Zero   RW         1070    .bss                usart.o
    0x20001600   0x00008c00   Zero   RW         2689    .bss                malloc.o
    0x2000a200   0x000008c0   Zero   RW         2690    .bss                malloc.o
    0x2000aac0   0x00000060   Zero   RW         3637    .bss                c_w.l(libspace.o)
    0x2000ab20   0x00000200   Zero   RW         1119    HEAP                startup_stm32f10x_hd.o
    0x2000ad20   0x00000400   Zero   RW         1118    STACK               startup_stm32f10x_hd.o


==============================================================================

Image component sizes


      Code (inc. data)   RO Data    RW Data    ZI Data      Debug   Object Name

       144         10          0          0          0        583   adc.o
       112         16     175304          0          0       2395   cc936.o
       164         26          0          4          0       1587   delay.o
       354         18          0          2          0       5864   diskio.o
        88          4        100        336          0       4063   exfuns.o
       228          6          0          0          0       1120   exti.o
      5802         60         58         12          0      35459   ff.o
       678         46          0          2       4096       6556   flash.o
      1890         90          0          0          0      10584   gps.o
       260         20          0          1          0       1162   key.o
     17952        218       6080          4         14      23397   lcd.o
       116         12          0          0          0        519   led.o
      2558        806         42         16        455     289603   main.o
       300         30          0         20      38080       5305   malloc.o
       144         16          0          0          0       1957   misc.o
      1164         32          0          1          0      10772   mmc_sd.o
       124         20          0          0          0       1809   sim808.o
       240         28          0          0         18       1861   spi.o
        64         26        304          0       1536        780   startup_stm32f10x_hd.o
       228         22          0          0          0       6318   stm32f10x_adc.o
       312         10          0          0          0       3919   stm32f10x_dma.o
       124         10          0          0          0       1485   stm32f10x_exti.o
       302         12          0          0          0       4475   stm32f10x_gpio.o
        18          0          0          0          0       3486   stm32f10x_it.o
       288         52          0         20          0       6487   stm32f10x_rcc.o
        98          0          0          0          0       3626   stm32f10x_spi.o
       226         42          0          0          0       4762   stm32f10x_tim.o
       442         26          0          0          0       6180   stm32f10x_usart.o
         0          0          0          0          0         32   sys.o
       248         24          0         20          0       1633   system_stm32f10x.o
       286         26          0          6        200       3980   usart.o
       598         60          0          2        400       4925   usart2.o

    ----------------------------------------------------------------------
     35590       1768     181922        448      44800     456684   Object Totals
         0          0         32          0          0          0   (incl. Generated)
        38          0          2          2          1          0   (incl. Padding)

    ----------------------------------------------------------------------

      Code (inc. data)   RO Data    RW Data    ZI Data      Debug   Library Member Name

        24          4          0          0          0         84   __2printf.o
        44          6          0          0          0         84   __2sprintf.o
        90          0          0          0          0          0   __dczerorl2.o
         8          0          0          0          0         68   __main.o
       392          4         17          0          0         92   __printf_flags_ss_wp.o
        14          0          0          0          0         68   __printf_wp.o
         0          0          0          0          0          0   __rtentry.o
        12          0          0          0          0          0   __rtentry2.o
         6          0          0          0          0          0   __rtentry4.o
        52          8          0          0          0          0   __scatter.o
        28          0          0          0          0          0   __scatter_zi.o
         6          0          0          0          0          0   _printf_c.o
        44          0          0          0          0        108   _printf_char.o
        48          6          0          0          0         96   _printf_char_common.o
        36          4          0          0          0         80   _printf_char_file.o
         6          0          0          0          0          0   _printf_d.o
       120         16          0          0          0         92   _printf_dec.o
         6          0          0          0          0          0   _printf_f.o
      1050          0          0          0          0        216   _printf_fp_dec.o
       128         16          0          0          0         84   _printf_fp_infnan.o
       148          4         40          0          0        160   _printf_hex_int_ll_ptr.o
       178          0          0          0          0         88   _printf_intcommon.o
        78          0          0          0          0        108   _printf_pad.o
         0          0          0          0          0          0   _printf_percent.o
         4          0          0          0          0          0   _printf_percent_end.o
         6          0          0          0          0          0   _printf_s.o
        82          0          0          0          0         80   _printf_str.o
         6          0          0          0          0          0   _printf_x.o
        10          0          0          0          0         68   _sputc.o
       220          4        148          0          0         96   bigflt0.o
      1910        128          0          0          0        672   btod.o
        12          0          0          0          0         72   exit.o
         8          0          0          0          0         68   ferror.o
         6          0          0          0          0        152   heapauxi.o
        44         10         28          0          0         76   lc_numeric_c.o
         2          0          0          0          0          0   libinit.o
        18          0          0          0          0          0   libinit2.o
         2          0          0          0          0          0   libshutdown.o
         2          0          0          0          0          0   libshutdown2.o
         8          4          0          0         96         68   libspace.o
       138          0          0          0          0         80   lludiv10.o
         8          4          0          0          0         68   rt_locale_intlibspace.o
         2          0          0          0          0          0   rtexit.o
        10          0          0          0          0          0   rtexit2.o
       128          0          0          0          0         68   strcmpv7m.o
        36          0          0          0          0         80   strstr.o
        74          0          0          0          0         80   sys_stackheap_outer.o
         2          0          0          0          0         68   use_no_semi.o
         2          0          0          0          0         68   use_no_semi_2.o
       688        140          0          0          0        208   ddiv.o
        90          4          0          0          0         92   dfixu.o
        38          0          0          0          0         68   dflt_clz.o
       340         12          0          0          0        104   dmul.o
       156          4          0          0          0         92   dnaninf.o
        12          0          0          0          0         68   dretinf.o
       430          8          0          0          0        168   faddsub_clz.o
       388         76          0          0          0         96   fdiv.o
        62          4          0          0          0         84   ffixu.o
        38          0          0          0          0         68   fflt_clz.o
       258          4          0          0          0         84   fmul.o
       140          4          0          0          0         84   fnaninf.o
        10          0          0          0          0         68   fretinf.o
         4          0          0          0          0         68   printf1.o
         0          0          0          0          0          0   usenofp.o
        40          0          0          0          0         68   fpclassify.o

    ----------------------------------------------------------------------
      7964        474        236          0         96       4712   Library Totals
        12          0          3          0          0          0   (incl. Padding)

    ----------------------------------------------------------------------

      Code (inc. data)   RO Data    RW Data    ZI Data      Debug   Library Name

      5258        218        233          0         96       3292   c_w.l
      2654        256          0          0          0       1352   fz_ws.l
        40          0          0          0          0         68   m_ws.l

    ----------------------------------------------------------------------
      7964        474        236          0         96       4712   Library Totals

    ----------------------------------------------------------------------

==============================================================================


      Code (inc. data)   RO Data    RW Data    ZI Data      Debug   

     43554       2242     182158        448      44896     448652   Grand Totals
     43554       2242     182158        136      44896     448652   ELF Image Totals (compressed)
     43554       2242     182158        136          0          0   ROM Totals

==============================================================================

    Total RO  Size (Code + RO Data)               225712 ( 220.42kB)
    Total RW  Size (RW Data + ZI Data)             45344 (  44.28kB)
    Total ROM Size (Code + RO Data + RW Data)     225848 ( 220.55kB)

==============================================================================

